Traceback (most recent call last):
  File "E:\github\BioactivityDataAcquisition\reports\quality\coderabbit\network-recovery-20260914\bridge.py", line 127, in <module>
    raise SystemExit(main())
                     ~~~~^^
  File "E:\github\BioactivityDataAcquisition\reports\quality\coderabbit\network-recovery-20260914\bridge.py", line 121, in main
    return subprocess.call(sys.argv[1:], env=env)
           ~~~~~~~~~~~~~~~^^^^^^^^^^^^^^^^^^^^^^^
  File "C:\Users\Fedor\AppData\Local\Programs\Python\Python313\Lib\subprocess.py", line 395, in call
    with Popen(*popenargs, **kwargs) as p:
         ~~~~~^^^^^^^^^^^^^^^^^^^^^^
  File "C:\Users\Fedor\AppData\Local\Programs\Python\Python313\Lib\subprocess.py", line 1039, in __init__
    self._execute_child(args, executable, preexec_fn, close_fds,
    ~~~~~~~~~~~~~~~~~~~^^^^^^^^^^^^^^^^^^^^^^^^^^^^^^^^^^^^^^^^^
                        pass_fds, cwd, env,
                        ^^^^^^^^^^^^^^^^^^^
    ...<5 lines>...
                        gid, gids, uid, umask,
                        ^^^^^^^^^^^^^^^^^^^^^^
                        start_new_session, process_group)
                        ^^^^^^^^^^^^^^^^^^^^^^^^^^^^^^^^^
  File "C:\Users\Fedor\AppData\Local\Programs\Python\Python313\Lib\subprocess.py", line 1554, in _execute_child
    hp, ht, pid, tid = _winapi.CreateProcess(executable, args,
                       ~~~~~~~~~~~~~~~~~~~~~^^^^^^^^^^^^^^^^^^
                             # no special security
                             ^^^^^^^^^^^^^^^^^^^^^
    ...<4 lines>...
                             cwd,
                             ^^^^
                             startupinfo)
                             ^^^^^^^^^^^^
FileNotFoundError: [WinError 2] The system cannot find the file specified
