🚀 Generating ADR Registry...
==================================================
🔍 Found 62 ADR files
  Processing ADR-001-delta-lake-vs-parquet.md...
  Processing ADR-002-medallion-architecture.md...
  Processing ADR-003-in-memory-locking-strategy.md...
  Processing ADR-004-pydantic-vs-dataclasses.md...
  Processing ADR-005-composition-layer-separation.md...
  Processing ADR-006-logger-metrics-ports.md...
  Processing ADR-007-circuit-breaker-implementation.md...
  Processing ADR-008-graceful-shutdown-strategy.md...
  Processing ADR-009-paginated-fetcher-mixin.md...
  Processing ADR-010-local-only-deployment.md...
  Processing ADR-011-remove-watermark-mechanism.md...
  Processing ADR-012-storage-clear-contract-and-run-id.md...
  Processing ADR-013-async-storage-cleanup.md...
  Processing ADR-014-deterministic-writes.md...
  Processing ADR-015-pipeline-services-lifecycle.md...
  Processing ADR-016-error-handling-strategy.md...
  Processing ADR-017-observability-architecture.md...
  Processing ADR-018-gold-strict-validation.md...
  Processing ADR-019-observability-port-enforcement.md...
  Processing ADR-020-basepipeline-decomposition.md...
  Processing ADR-021-ddd-aggregates-adoption.md...
  Processing ADR-022-tracing-noop.md...
  Processing ADR-023-entity-type-patterns.md...
  Processing ADR-024-entity-naming-unification.md...
  Processing ADR-025-pipeline-config-unification.md...
  Processing ADR-026-composite-pipeline-pattern.md...
  Processing ADR-027-dq-rules-externalization.md...
  Processing ADR-028-filter-rules-externalization.md...
  Processing ADR-029-output-metadata-unification.md...
  Processing ADR-030-publication-pagination-strategy.md...
  Processing ADR-031-loading-strategy-formalization.md...
  Processing ADR-032-unified-http-client.md...
  Processing ADR-033-publication-validation-strategy.md...
  Processing ADR-034-schema-domain-pairs.md...
  Processing ADR-035-json-field-typing-policy.md...
  Processing ADR-036-gold-contract-versioning-policy.md...
  Processing ADR-037-canonical-schema-generation.md...
  Processing ADR-038-enum-externalization.md...
  Processing ADR-039-unified-entity-config-format.md...
  Processing ADR-040-diagram-governance.md...
  Processing ADR-041-naming-policy-skills-agents.md...
  Processing ADR-042-testing-strategy-matrix.md...
  Processing ADR-043-documentation-knowledge-management.md...
  Processing ADR-044-run-manifest-ledger-control-plane.md...
  Processing ADR-045-dq-contract-system.md...
  Processing ADR-046-checkpoint-vs-ledger-resume.md...
  Processing ADR-047-workflow-control-plane.md...
  Processing ADR-048-domain-schema-boundary-and-runtime-pandera-compat.md...
  Processing ADR-049-context-aware-loc-target-policy.md...
  Processing ADR-050-silver-structural-gold-semantic-filter-boundary.md...
  Processing ADR-051-quarantine-entry-aggregate-surface.md...
  Processing ADR-052-infrastructure-config-package-root-public-api.md...
  Processing ADR-053-optional-grafana-scenes-app-shell.md...
  Processing ADR-054-passport-documentation-projections.md...
  Processing ADR-055-workflow-reconciliation-data-step-ownership.md...
  Processing ADR-056-proof-or-stop-lifecycle-control.md...
  Processing ADR-057-deterministic-runtime-config-authority-and-identity.md...
  Processing ADR-058-layered-port-registries.md...
  Processing ADR-059-package-cohesion-budgets.md...
  Processing ADR-060-prompt-kernel-and-overlay-architecture.md...
  Processing ADR-061-persisted-selected-run-assessment.md...
  Processing ADR-062-assay-parent-exact-replay.md...
✅ Generated metadata for 62 ADRs
✅ Written ADR registry index: docs\02-architecture\adr-registry\index.md
✅ Written navigator ADR registry: docs\02-architecture\adr-registry.md
✅ Written status dashboard: docs\02-architecture\adr-registry\status-dashboard.md
✅ Written JSON registry: docs\02-architecture\adr-registry\registry.json
✅ Written registry README: docs\02-architecture\adr-registry\README.md

==================================================
✅ ADR Registry generation complete!

📋 Summary:
   - Found 62 ADRs
   - Generated registry in docs\02-architecture\adr-registry
   - Created index, dashboard, and JSON registry

🎯 Next steps:
   1. Review the generated registry
   2. Integrate with project navigator
   3. Set up automated regeneration in CI/CD
   4. Update documentation governance with ADR processes
