........................................................................ [  1%]
..................................................................+++++++++++++++++++++++++++++++++++ Timeout +++++++++++++++++++++++++++++++++++
~~~~~~~~~~~~~~~~~ Stack of Thread-145 (_readerthread) (52048) ~~~~~~~~~~~~~~~~~
  File "C:\Users\Fedor\AppData\Local\Programs\Python\Python313\Lib\threading.py", line 1014, in _bootstrap
    self._bootstrap_inner()
  File "C:\Users\Fedor\AppData\Local\Programs\Python\Python313\Lib\threading.py", line 1043, in _bootstrap_inner
    self.run()
  File "C:\Users\Fedor\AppData\Local\Programs\Python\Python313\Lib\threading.py", line 994, in run
    self._target(*self._args, **self._kwargs)
  File "C:\Users\Fedor\AppData\Local\Programs\Python\Python313\Lib\subprocess.py", line 1615, in _readerthread
    buffer.append(fh.read())
~~~~~~~~~~~~~~~~~ Stack of Thread-144 (_readerthread) (1744) ~~~~~~~~~~~~~~~~~~
  File "C:\Users\Fedor\AppData\Local\Programs\Python\Python313\Lib\threading.py", line 1014, in _bootstrap
    self._bootstrap_inner()
  File "C:\Users\Fedor\AppData\Local\Programs\Python\Python313\Lib\threading.py", line 1043, in _bootstrap_inner
    self.run()
  File "C:\Users\Fedor\AppData\Local\Programs\Python\Python313\Lib\threading.py", line 994, in run
    self._target(*self._args, **self._kwargs)
  File "C:\Users\Fedor\AppData\Local\Programs\Python\Python313\Lib\subprocess.py", line 1615, in _readerthread
    buffer.append(fh.read())
~~~~~~~~~~~~~~~~~~~~~~~~~ Stack of MainThread (10840) ~~~~~~~~~~~~~~~~~~~~~~~~~
  File "<frozen runpy>", line 198, in _run_module_as_main
  File "<frozen runpy>", line 88, in _run_code
  File "E:\github\BioactivityDataAcquisition\.venv-win\Lib\site-packages\pytest\__main__.py", line 9, in <module>
    raise SystemExit(_console_main())
  File "E:\github\BioactivityDataAcquisition\.venv-win\Lib\site-packages\_pytest\config\__init__.py", line 253, in _console_main
    code = _main(prog=_get_prog_name(sys.argv))
  File "E:\github\BioactivityDataAcquisition\.venv-win\Lib\site-packages\_pytest\config\__init__.py", line 229, in _main
    ret: ExitCode | int = config.hook.pytest_cmdline_main(config=config)
  File "E:\github\BioactivityDataAcquisition\.venv-win\Lib\site-packages\pluggy\_hooks.py", line 512, in __call__
    return self._hookexec(self.name, self._hookimpls.copy(), kwargs, firstresult)
  File "E:\github\BioactivityDataAcquisition\.venv-win\Lib\site-packages\pluggy\_manager.py", line 120, in _hookexec
    return self._inner_hookexec(hook_name, methods, kwargs, firstresult)
  File "E:\github\BioactivityDataAcquisition\.venv-win\Lib\site-packages\pluggy\_callers.py", line 121, in _multicall
    res = hook_impl.function(*args)
  File "E:\github\BioactivityDataAcquisition\.venv-win\Lib\site-packages\_pytest\main.py", line 377, in pytest_cmdline_main
    return wrap_session(config, _main)
  File "E:\github\BioactivityDataAcquisition\.venv-win\Lib\site-packages\_pytest\main.py", line 330, in wrap_session
    session.exitstatus = doit(config, session) or 0
  File "E:\github\BioactivityDataAcquisition\.venv-win\Lib\site-packages\_pytest\main.py", line 384, in _main
    config.hook.pytest_runtestloop(session=session)
  File "E:\github\BioactivityDataAcquisition\.venv-win\Lib\site-packages\pluggy\_hooks.py", line 512, in __call__
    return self._hookexec(self.name, self._hookimpls.copy(), kwargs, firstresult)
  File "E:\github\BioactivityDataAcquisition\.venv-win\Lib\site-packages\pluggy\_manager.py", line 120, in _hookexec
    return self._inner_hookexec(hook_name, methods, kwargs, firstresult)
  File "E:\github\BioactivityDataAcquisition\.venv-win\Lib\site-packages\pluggy\_callers.py", line 121, in _multicall
    res = hook_impl.function(*args)
  File "E:\github\BioactivityDataAcquisition\.venv-win\Lib\site-packages\_pytest\main.py", line 408, in pytest_runtestloop
    item.config.hook.pytest_runtest_protocol(item=item, nextitem=nextitem)
  File "E:\github\BioactivityDataAcquisition\.venv-win\Lib\site-packages\pluggy\_hooks.py", line 512, in __call__
    return self._hookexec(self.name, self._hookimpls.copy(), kwargs, firstresult)
  File "E:\github\BioactivityDataAcquisition\.venv-win\Lib\site-packages\pluggy\_manager.py", line 120, in _hookexec
    return self._inner_hookexec(hook_name, methods, kwargs, firstresult)
  File "E:\github\BioactivityDataAcquisition\.venv-win\Lib\site-packages\pluggy\_callers.py", line 121, in _multicall
    res = hook_impl.function(*args)
  File "E:\github\BioactivityDataAcquisition\.venv-win\Lib\site-packages\_pytest\runner.py", line 118, in pytest_runtest_protocol
    runtestprotocol(item, nextitem=nextitem)
  File "E:\github\BioactivityDataAcquisition\.venv-win\Lib\site-packages\_pytest\runner.py", line 139, in runtestprotocol
    reports.append(call_and_report(item, "call", log))
  File "E:\github\BioactivityDataAcquisition\.venv-win\Lib\site-packages\_pytest\runner.py", line 249, in call_and_report
    call = CallInfo.from_call(
  File "E:\github\BioactivityDataAcquisition\.venv-win\Lib\site-packages\_pytest\runner.py", line 361, in from_call
    result: TResult | None = func()
  File "E:\github\BioactivityDataAcquisition\.venv-win\Lib\site-packages\_pytest\runner.py", line 250, in <lambda>
    lambda: runtest_hook(item=item, **kwds),
  File "E:\github\BioactivityDataAcquisition\.venv-win\Lib\site-packages\pluggy\_hooks.py", line 512, in __call__
    return self._hookexec(self.name, self._hookimpls.copy(), kwargs, firstresult)
  File "E:\github\BioactivityDataAcquisition\.venv-win\Lib\site-packages\pluggy\_manager.py", line 120, in _hookexec
    return self._inner_hookexec(hook_name, methods, kwargs, firstresult)
  File "E:\github\BioactivityDataAcquisition\.venv-win\Lib\site-packages\pluggy\_callers.py", line 121, in _multicall
    res = hook_impl.function(*args)
  File "E:\github\BioactivityDataAcquisition\.venv-win\Lib\site-packages\_pytest\runner.py", line 184, in pytest_runtest_call
    item.runtest()
  File "E:\github\BioactivityDataAcquisition\.venv-win\Lib\site-packages\_pytest\python.py", line 1707, in runtest
    self.ihook.pytest_pyfunc_call(pyfuncitem=self)
  File "E:\github\BioactivityDataAcquisition\.venv-win\Lib\site-packages\pluggy\_hooks.py", line 512, in __call__
    return self._hookexec(self.name, self._hookimpls.copy(), kwargs, firstresult)
  File "E:\github\BioactivityDataAcquisition\.venv-win\Lib\site-packages\pluggy\_manager.py", line 120, in _hookexec
    return self._inner_hookexec(hook_name, methods, kwargs, firstresult)
  File "E:\github\BioactivityDataAcquisition\.venv-win\Lib\site-packages\pluggy\_callers.py", line 121, in _multicall
    res = hook_impl.function(*args)
  File "E:\github\BioactivityDataAcquisition\.venv-win\Lib\site-packages\_pytest\python.py", line 167, in pytest_pyfunc_call
    result = testfunction(**testargs)
  File "E:\github\bda-config-root-closeout-11899\tests\architecture\test_antipatterns.py", line 117, in test_no_hardcoded_secrets
    result = cached_subprocess_run(
  File "E:\github\bda-config-root-closeout-11899\tests\architecture\conftest.py", line 859, in _run
    cache[key] = _run_cached_subprocess(
  File "E:\github\bda-config-root-closeout-11899\tests\architecture\conftest.py", line 825, in _run_cached_subprocess
    result = subprocess.run(
  File "C:\Users\Fedor\AppData\Local\Programs\Python\Python313\Lib\subprocess.py", line 556, in run
    stdout, stderr = process.communicate(input, timeout=timeout)
  File "C:\Users\Fedor\AppData\Local\Programs\Python\Python313\Lib\subprocess.py", line 1222, in communicate
    stdout, stderr = self._communicate(input, endtime, timeout)
  File "C:\Users\Fedor\AppData\Local\Programs\Python\Python313\Lib\subprocess.py", line 1644, in _communicate
    self.stdout_thread.join(self._remaining_time(endtime))
  File "C:\Users\Fedor\AppData\Local\Programs\Python\Python313\Lib\threading.py", line 1094, in join
    self._handle.join(timeout)
+++++++++++++++++++++++++++++++++++ Timeout +++++++++++++++++++++++++++++++++++
