........................................................................ [  1%]
........................................................................ [  2%]
........................................................................ [  4%]
....s................................................................... [  5%]
........................................................................ [  7%]
........................................................................ [  8%]
............................sss....................s.......s............ [ 10%]
........................................................................ [ 11%]
........................................................................ [ 12%]
........................................................................ [ 14%]
........................................................................ [ 15%]
........................................................................ [ 17%]
........................................................................ [ 18%]
........................................................................ [ 20%]
........................................................................ [ 21%]
........................................................................ [ 23%]
..................................................s..................... [ 24%]
..................................................sssss...ssss.......... [ 25%]
........................................................................ [ 27%]
...................................................................s.... [ 28%]
........................................................................ [ 30%]
........................................................................ [ 31%]
......................................................................ss [ 33%]
ssssssssss..............................................ss.............. [ 34%]
........................................................................ [ 35%]
........................................................................ [ 37%]
....................................s................................... [ 38%]
........................................................................ [ 40%]
........................................................................ [ 41%]
........................................................................ [ 43%]
........................................................................ [ 44%]
........................................................................ [ 46%]
......................s.....s........................................... [ 47%]
........................................................................ [ 48%]
........................................................................ [ 50%]
........................................................................ [ 51%]
........ss.............................................................. [ 53%]
..........ss............................................................ [ 54%]
