Pipeline dataflow artifacts are current: chembl_activity
stale: docs/04-reference/passports/generated/pipelines/composite_activity.json
stale: docs/04-reference/passports/generated/pipelines/composite_assay.json
stale: docs/04-reference/passports/generated/pipelines/composite_molecule.json
stale: docs/04-reference/passports/generated/pipelines/composite_publication.json
stale: docs/04-reference/passports/generated/pipelines/composite_target.json
stale: docs/04-reference/passports/generated/pipelines/chembl_activity.json
stale: docs/04-reference/passports/generated/pipelines/chembl_assay.json
stale: docs/04-reference/passports/generated/pipelines/chembl_assay_parameters.json
stale: docs/04-reference/passports/generated/pipelines/chembl_cell_line.json
stale: docs/04-reference/passports/generated/pipelines/chembl_compound_record.json
stale: docs/04-reference/passports/generated/pipelines/chembl_molecule.json
stale: docs/04-reference/passports/generated/pipelines/chembl_protein_class.json
stale: docs/04-reference/passports/generated/pipelines/chembl_publication.json
stale: docs/04-reference/passports/generated/pipelines/chembl_publication_similarity.json
stale: docs/04-reference/passports/generated/pipelines/chembl_publication_term.json
stale: docs/04-reference/passports/generated/pipelines/chembl_subcellular_fraction.json
stale: docs/04-reference/passports/generated/pipelines/chembl_target.json
stale: docs/04-reference/passports/generated/pipelines/chembl_target_component.json
stale: docs/04-reference/passports/generated/pipelines/chembl_target_protein_classification.json
stale: docs/04-reference/passports/generated/pipelines/chembl_tissue.json
stale: docs/04-reference/passports/generated/pipelines/crossref_publication.json
stale: docs/04-reference/passports/generated/pipelines/openalex_publication.json
stale: docs/04-reference/passports/generated/pipelines/pubchem_compound.json
stale: docs/04-reference/passports/generated/pipelines/pubmed_publication.json
stale: docs/04-reference/passports/generated/pipelines/semanticscholar_publication.json
stale: docs/04-reference/passports/generated/pipelines/uniprot_idmapping.json
stale: docs/04-reference/passports/generated/pipelines/uniprot_protein.json
stale: docs/04-reference/passports/generated/workflows/chembl_activity.json
stale: docs/04-reference/passports/workflows/chembl-activity.md
stale: docs/04-reference/passports/generated/workflows/chembl_assay.json
stale: docs/04-reference/passports/workflows/chembl-assay.md
stale: docs/04-reference/passports/generated/workflows/chembl_assay_parameters.json
stale: docs/04-reference/passports/workflows/chembl-assay-parameters.md
stale: docs/04-reference/passports/generated/workflows/chembl_baseline.json
stale: docs/04-reference/passports/workflows/chembl-baseline.md
stale: docs/04-reference/passports/generated/workflows/chembl_cell_line.json
stale: docs/04-reference/passports/workflows/chembl-cell-line.md
stale: docs/04-reference/passports/generated/workflows/chembl_compound_record.json
stale: docs/04-reference/passports/workflows/chembl-compound-record.md
stale: docs/04-reference/passports/generated/workflows/chembl_core.json
stale: docs/04-reference/passports/workflows/chembl-core.md
stale: docs/04-reference/passports/generated/workflows/chembl_molecule.json
stale: docs/04-reference/passports/workflows/chembl-molecule.md
stale: docs/04-reference/passports/generated/workflows/chembl_protein_class.json
stale: docs/04-reference/passports/workflows/chembl-protein-class.md
stale: docs/04-reference/passports/generated/workflows/chembl_publication.json
stale: docs/04-reference/passports/workflows/chembl-publication.md
stale: docs/04-reference/passports/generated/workflows/chembl_publication_similarity.json
stale: docs/04-reference/passports/workflows/chembl-publication-similarity.md
stale: docs/04-reference/passports/generated/workflows/chembl_publication_term.json
stale: docs/04-reference/passports/workflows/chembl-publication-term.md
stale: docs/04-reference/passports/generated/workflows/chembl_reference_pack.json
stale: docs/04-reference/passports/workflows/chembl-reference-pack.md
stale: docs/04-reference/passports/generated/workflows/chembl_subcellular_fraction.json
stale: docs/04-reference/passports/workflows/chembl-subcellular-fraction.md
stale: docs/04-reference/passports/generated/workflows/chembl_target.json
stale: docs/04-reference/passports/workflows/chembl-target.md
stale: docs/04-reference/passports/generated/workflows/chembl_target_component.json
stale: docs/04-reference/passports/workflows/chembl-target-component.md
stale: docs/04-reference/passports/generated/workflows/chembl_target_protein_classification.json
stale: docs/04-reference/passports/workflows/chembl-target-protein-classification.md
stale: docs/04-reference/passports/generated/workflows/chembl_tissue.json
stale: docs/04-reference/passports/workflows/chembl-tissue.md
stale: docs/04-reference/passports/generated/workflows/crossref_publication.json
stale: docs/04-reference/passports/workflows/crossref-publication.md
stale: docs/04-reference/passports/generated/workflows/openalex_publication.json
stale: docs/04-reference/passports/workflows/openalex-publication.md
stale: docs/04-reference/passports/generated/workflows/pubchem_compound.json
stale: docs/04-reference/passports/workflows/pubchem-compound.md
stale: docs/04-reference/passports/generated/workflows/publication_provider_pack.json
stale: docs/04-reference/passports/workflows/publication-provider-pack.md
stale: docs/04-reference/passports/generated/workflows/pubmed_publication.json
stale: docs/04-reference/passports/workflows/pubmed-publication.md
stale: docs/04-reference/passports/generated/workflows/semanticscholar_publication.json
stale: docs/04-reference/passports/workflows/semanticscholar-publication.md
stale: docs/04-reference/passports/generated/workflows/uniprot_idmapping.json
stale: docs/04-reference/passports/workflows/uniprot-idmapping.md
stale: docs/04-reference/passports/generated/workflows/uniprot_protein.json
stale: docs/04-reference/passports/workflows/uniprot-protein.md
stale: docs/04-reference/passports/generated/workflows/uniprot_support_pack.json
stale: docs/04-reference/passports/workflows/uniprot-support-pack.md
stale: docs/04-reference/passports/completeness-report.json

Exited with code exit status 1
