[docs-verify] check-links: E:\github\BioactivityDataAcquisition\.venv-win\Scripts\python.exe -m scripts.docs.checks.check_links
Links: OK (no broken relative links found)
Nav docs: OK (all mkdocs nav files exist)
Nav link scope: OK (all nav docs are included in link checks)
Local skill nav classification: OK (all local skill pages are in nav or not_in_nav)
Specs: OK (all referenced spec files exist)
Configs: OK (all convention-based config files exist)
Gold contracts index: OK (docs list matches exported JSON files)
Workflow inventory: OK (published workflow doc matches .github/workflows)
ChEMBL provider overview: OK (README links match active entity-config inventory)
Provider spec governance: OK
Runbook governance: OK
Control-plane contract governance: OK
Not-in-nav growth: OK (current 228 <= baseline 228)
Doc drift: OK (no guardrail violations in mkdocs nav docs)

All checks passed.
[docs-verify] check-drift: E:\github\BioactivityDataAcquisition\.venv-win\Scripts\python.exe -m scripts.docs.checks.check_drift --ports --classes --runtime-mirrors --freshness --modules --ai-surfaces
Documentation Drift Report
============================================================
No drift detected. Documentation is in sync with code.

Summary: 0 errors, 0 warnings
[docs-verify] generate-dashboard-panel-inventory: E:\github\BioactivityDataAcquisition\.venv-win\Scripts\python.exe -m scripts.docs generate-dashboard-panel-inventory --check
[docs-verify] check-docstrings: E:\github\BioactivityDataAcquisition\.venv-win\Scripts\python.exe -m scripts.docs.checks.check_docstrings --summary
Docstrings: modules=100.0% classes=97.2% functions=90.1% (missing=733)
All thresholds passed.
[docs-verify] generate-cleanup-inventory: E:\github\BioactivityDataAcquisition\.venv-win\Scripts\python.exe -m scripts.docs.checks.documentation_cleanup_inventory --check
[drift] mismatch: docs/reports/generated/documentation-cleanup-inventory.json
[drift] mismatch: docs/reports/generated/documentation-cleanup-inventory.md
  files[reports/quality/proof-or-stop/config-root-11899/cleanup-wave44-update.record.json]: generated-only
  files[reports/quality/proof-or-stop/config-root-11899/debt-wave44-check.record.json]: generated-only
  files[reports/quality/proof-or-stop/config-root-11899/evidence-wave44-check.record.json]: generated-only
  files[reports/quality/proof-or-stop/config-root-11899/evidence-wave44-update.record.json]: generated-only
  files[reports/quality/proof-or-stop/config-root-11899/issue5376-live-wave44-update.record.json]: generated-only
  files[reports/quality/proof-or-stop/config-root-11899/owning-inventory-wave44-clean.record.json]: generated-only
  files[reports/quality/proof-or-stop/config-root-11899/config-root-targeted-wave-44.record.json]: committed-only
  summary.by_lifecycle: generated={'active_backlog': 1, 'active_draft': 278, 'active_quality_baseline': 45, 'closeout_evidence': 56, 'docs_reports_curated_entrypoint': 2, 'docs_reports_curated_or_historical_report': 27, 'docs_reports_generated_or_route_owned': 7, 'docs_reports_retention_sensitive_evidence': 20, 'generated_skill_reference_mirror': 19, 'generated_test_run_evidence': 3, 'guide': 4, 'index': 4, 'issue_pack': 60, 'live_issue_mirror': 8, 'plans_governance_entrypoint': 1, 'published_skill_reference_redirect': 26, 'reports_workspace_entrypoint': 1, 'working_report': 857} committed={'active_backlog': 1, 'active_draft': 278, 'active_quality_baseline': 44, 'closeout_evidence': 56, 'docs_reports_curated_entrypoint': 2, 'docs_reports_curated_or_historical_report': 27, 'docs_reports_generated_or_route_owned': 7, 'docs_reports_retention_sensitive_evidence': 20, 'generated_skill_reference_mirror': 19, 'generated_test_run_evidence': 3, 'guide': 4, 'index': 4, 'issue_pack': 60, 'live_issue_mirror': 8, 'plans_governance_entrypoint': 1, 'published_skill_reference_redirect': 26, 'reports_workspace_entrypoint': 1, 'working_report': 853}
  summary.by_recommended_action: generated={'archive-after-github-state-check': 338, 'archive-after-migration': 889, 'generate-automatically': 1058, 'keep': 1200, 'reconcile-with-github-state': 8} committed={'archive-after-github-state-check': 338, 'archive-after-migration': 885, 'generate-automatically': 1058, 'keep': 1199, 'reconcile-with-github-state': 8}
  summary.by_section: generated={'.github': 354, '00-project': 272, '01-requirements': 4, '02-architecture': 994, '03-data-model': 2, '03-guides': 127, '04-reference': 334, '05-engineering': 2, '05-operations': 92, '99-archive': 277, 'AGENTS.md': 1, 'CHANGELOG.md': 1, 'CONTRIBUTING.md': 1, 'DOCKER_QUICKSTART.md': 1, 'DOCKER_SETUP.md': 1, 'README.md': 1, 'best_practices.md': 1, 'doc.json': 1, 'filters': 4, 'mkdocs.yml': 1, 'plans': 2, 'reports': 1018, 'security': 2} committed={'.github': 354, '00-project': 272, '01-requirements': 4, '02-architecture': 994, '03-data-model': 2, '03-guides': 127, '04-reference': 334, '05-engineering': 2, '05-operations': 92, '99-archive': 277, 'AGENTS.md': 1, 'CHANGELOG.md': 1, 'CONTRIBUTING.md': 1, 'DOCKER_QUICKSTART.md': 1, 'DOCKER_SETUP.md': 1, 'README.md': 1, 'best_practices.md': 1, 'doc.json': 1, 'filters': 4, 'mkdocs.yml': 1, 'plans': 2, 'reports': 1013, 'security': 2}
  summary.by_status: generated={'Active': 747, 'Archived': 277, 'Canonical': 75, 'Generated': 1058, 'Working': 1336} committed={'Active': 747, 'Archived': 277, 'Canonical': 75, 'Generated': 1058, 'Working': 1331}
  summary.by_surface_family: generated={'active': 747, 'archive': 277, 'canonical': 75, 'generated': 1058, 'working': 1336} committed={'active': 747, 'archive': 277, 'canonical': 75, 'generated': 1058, 'working': 1331}
[hint] run: python -m scripts.docs generate-cleanup-inventory --update
[hint] markdown link, Owner/Status/Class, or duplicate-body changes require this refresh before architecture-fast
