..................F...                                                   [100%]
================================== FAILURES ===================================
__________ test_module_coverage_inventory_covers_every_source_module __________

    def test_module_coverage_inventory_covers_every_source_module() -> None:
        _skip_if_source_tree_is_dirty()
        committed = json.loads(INVENTORY_PATH.read_text(encoding="utf-8"))
        inventory_paths = {str(row["path"]) for row in committed["modules"]}
        expected_paths = {
            path.relative_to(ROOT).as_posix() for path in _iter_source_modules(ROOT)
        }
    
>       assert inventory_paths == expected_paths
E       AssertionError: assert {'src/bioetl/...port.py', ...} == {'src/bioetl/...port.py', ...}
E         
E         Extra items in the right set:
E         'src/bioetl/interfaces/cli/commands/replay_assay.py'
E         'src/bioetl/composition/bootstrap/runtime/composite_replay_context.py'
E         'src/bioetl/composition/workflow_cohort_lineage.py'
E         'src/bioetl/infrastructure/storage/composite_replay_inputs.py'
E         'src/bioetl/infrastructure/storage/composite_replay_bundle.py'...
E         
E         ...Full output truncated (5 lines hidden), use '-vv' to show

tests\architecture\test_module_coverage_inventory_freshness.py:56: AssertionError
=========================== short test summary info ===========================
FAILED tests/architecture/test_module_coverage_inventory_freshness.py::test_module_coverage_inventory_covers_every_source_module
