...........F..........                                                   [100%]
================================== FAILURES ===================================
________ test_issue_5376_coverage_tail_closeout_matches_live_inventory ________

    @pytest.mark.architecture
    def test_issue_5376_coverage_tail_closeout_matches_live_inventory() -> None:
        """#5376 preserves historical shard evidence while exposing current regressions."""
        skip_if_module_coverage_inventory_is_dirty(root=ROOT, inventory_path=INVENTORY_PATH)
        committed = json.loads(INVENTORY_PATH.read_text(encoding="utf-8"))
        closeout = json.loads(COVERAGE_TAIL_CLOSEOUT_PATH.read_text(encoding="utf-8"))
    
        below_85 = [
            row
            for row in committed["modules"]
            if row["coverage_percent"] is not None and row["coverage_percent"] < 85
        ]
        below_85_paths = {row["path"] for row in below_85}
        historical_delta = closeout["historical_coverage_inventory_delta"]
        current_live = closeout["current_live_metrics"]
        delta = int(historical_delta["after_below_85_module_count"]) - int(
            historical_delta["before_below_85_module_count"]
        )
        tracked_path = closeout["removed_low_tail_module"]["path"]
        tracked_row = next(
            row for row in committed["modules"] if row["path"] == tracked_path
        )
    
        assert closeout["issue"]["number"] == 5376
        assert historical_delta["after_below_85_module_count"] == 104
        assert historical_delta["below_85_module_count_delta"] == delta
        assert delta < 0
>       assert current_live["below_85_module_count"] == len(below_85)
E       AssertionError: assert 12 == 3
E        +  where 3 = len([{'coverage_percent': 84.95, 'coverage_status': 'partially_covered', 'covered_lines': 79, 'executable_lines': 93, ...}...'coverage_percent': 83.72, 'coverage_status': 'partially_covered', 'covered_lines': 108, 'executable_lines': 129, ...}])

tests\architecture\test_module_coverage_inventory.py:701: AssertionError
=========================== short test summary info ===========================
FAILED tests/architecture/test_module_coverage_inventory.py::test_issue_5376_coverage_tail_closeout_matches_live_inventory
