[local-coverage] HEAD=896ef11f4c4e7f257d4c92ddff88245b59c84957 source=35e6c64feb908c611bdb125ccb2a71a5ff692e0fcf32341032b0c17aec6c21f0 scratch=E:\github\bda-config-root-closeout-11899\reports\quality\proof-or-stop\config-root-11899\full-coverage-wave-44
[local-coverage] start smoke
[local-coverage] smoke exit=0 coverage=yes
[local-coverage] start contract-confidence
[local-coverage] contract-confidence exit=0 coverage=yes
[local-coverage] start repo-backed-unit-product
[local-coverage] repo-backed-unit-product exit=0 coverage=yes
[local-coverage] start repo-backed-unit-tooling
[local-coverage] repo-backed-unit-tooling exit=0 coverage=yes
[local-coverage] start repo-backed-unit-ops
[local-coverage] repo-backed-unit-ops exit=0 coverage=yes
[local-coverage] start unit-scripts-tooling-passport
[local-coverage] unit-scripts-tooling-passport exit=0 coverage=yes
[local-coverage] start unit-scripts-tooling-debt-governance
[local-coverage] unit-scripts-tooling-debt-governance exit=0 coverage=yes
[local-coverage] start unit-scripts-tooling-other
[local-coverage] unit-scripts-tooling-other exit=0 coverage=yes
[local-coverage] start unit-filesystem-contracts
[local-coverage] unit-filesystem-contracts exit=0 coverage=yes
[local-coverage] start unit-subprocess-backed
[local-coverage] unit-subprocess-backed exit=0 coverage=yes
[local-coverage] start unit-domain
[local-coverage] unit-domain exit=0 coverage=yes
[local-coverage] start unit-application
[local-coverage] unit-application exit=0 coverage=yes
[local-coverage] start unit-infrastructure
[local-coverage] unit-infrastructure exit=0 coverage=yes
[local-coverage] start unit-other
[local-coverage] unit-other exit=0 coverage=yes
[local-coverage] start integration
[local-coverage] integration exit=0 coverage=yes
[local-coverage] start security
[local-coverage] security exit=0 coverage=yes
[local-coverage] start serial
[local-coverage] serial exit=0 coverage=yes
[local-coverage] complete=True evidence=E:\github\bda-config-root-closeout-11899\reports\quality\proof-or-stop\config-root-11899\full-coverage-wave-44\manifest.json
sanitized_files 0
producer_exit 0
