.........................sss............................................ [  2%]
........................................................................ [  4%]
........................................................................ [  7%]
........................................................................ [  9%]
........................................................................ [ 12%]
........................................................................ [ 14%]
........................................................................ [ 16%]
........................................................................ [ 19%]
........................................................................ [ 21%]
........................................................................ [ 24%]
........................................................................ [ 26%]
........................................................................ [ 29%]
........................................................................ [ 31%]
........................................................................ [ 33%]
........................................................................ [ 36%]
........................................................................ [ 38%]
........................................................................ [ 41%]
........................................................................ [ 43%]
........................................................................ [ 45%]
........................................................................ [ 48%]
........................................................................ [ 50%]
........................................................................ [ 53%]
........................................................................ [ 55%]
........................................................................ [ 58%]
........................................................................ [ 60%]
........................................................................ [ 62%]
........................................................................ [ 65%]
........................................................................ [ 67%]
..............s........................s................................ [ 70%]
........................................................................ [ 72%]
........................................................................ [ 75%]
........................................................................ [ 77%]
........................................................................ [ 79%]
........................................................................ [ 82%]
...............................................s........................ [ 84%]
........................................................................ [ 87%]
........................................................................ [ 89%]
........................................ssssssssssssssssssssssssssssssss [ 91%]
ssssssssssssssssssssss.................................................. [ 94%]
........................................................................ [ 96%]
........................................................................ [ 99%]
.......................                                                  [100%]
=========================== short test summary info ===========================
SKIPPED [1] tests\integration\test_deployed_replay_readiness.py:18: requires a pinned deployed-run catalog
SKIPPED [1] tests\integration\adapters\test_chembl_paging_resilience.py:87: VCR cassette not found: E:\github\bda-config-root-closeout-11899\tests\fixtures\vcr\chembl\TestChemblPagingPaths.test_pagination_with_small_page_size.yaml. Run with VCR_RECORD_MODE=new_episodes to record cassettes.
SKIPPED [1] tests\integration\adapters\test_chembl_paging_resilience.py:109: VCR cassette not found: E:\github\bda-config-root-closeout-11899\tests\fixtures\vcr\chembl\TestChemblPagingPaths.test_pagination_with_large_page_size.yaml. Run with VCR_RECORD_MODE=new_episodes to record cassettes.
SKIPPED [1] tests\integration\adapters\test_chembl_paging_resilience.py:131: VCR cassette not found: E:\github\bda-config-root-closeout-11899\tests\fixtures\vcr\chembl\TestChemblPagingPaths.test_pagination_boundary_conditions.yaml. Run with VCR_RECORD_MODE=new_episodes to record cassettes.
SKIPPED [1] tests\integration\test_dashboard_ux_report_freshness.py:70: No grafana/dashboards/*.json changes detected in git diff.
SKIPPED [1] tests\integration\test_docker_compose_smoke.py:27: requires explicit BIOETL_RUN_DOCKER_INTEGRATION=1 scheduling
SKIPPED [1] tests\integration\test_grafana_panel_fill_errors.py:72: Live Grafana panel-fill is opt-in (BIOETL_GRAFANA_PANEL_FILL=true)
SKIPPED [54] tests\integration\test_live_green_acceptance.py:15: Explicit live launch opt-in required
