bringing up nodes...
bringing up nodes...

........................................................................ [  1%]
........................................................................ [  3%]
........................................................................ [  4%]
........................................................................ [  6%]
........................................................................ [  7%]
........................................................................ [  9%]
........................................................................ [ 10%]
.......................................s.....................s.......... [ 12%]
........................................................................ [ 14%]
........................................................................ [ 15%]
........................................................................ [ 17%]
........................................................................ [ 18%]
........................................................................ [ 20%]
............................................sss......................... [ 21%]
........................................................................ [ 23%]
........................................................................ [ 24%]
........................................................................ [ 26%]
........................................................................ [ 28%]
........................................................................ [ 29%]
........................................................................ [ 31%]
........................................................................ [ 32%]
........................................................................ [ 34%]
........................................................................ [ 35%]
........................................................................ [ 37%]
........................................................................ [ 39%]
........................................................................ [ 40%]
........................................................................ [ 42%]
........................................................................ [ 43%]
........................................................................ [ 45%]
........................................................................ [ 46%]
........................................................................ [ 48%]
..................s..................................................... [ 49%]
........................................................................ [ 51%]
........................................................................ [ 53%]
........................................................................ [ 54%]
........................................................................ [ 56%]
........................................................................ [ 57%]
........................................................................ [ 59%]
........................................................................ [ 60%]
........................................................................ [ 62%]
........................................................................ [ 64%]
........................................................................ [ 65%]
........................................................................ [ 67%]
........................................................................ [ 68%]
........................................................................ [ 70%]
........................................................................ [ 71%]
........................................................................ [ 73%]
........................................................................ [ 74%]
........................................................................ [ 76%]
........................................................................ [ 78%]
........................................................................ [ 79%]
........................................................................ [ 81%]
........................................................................ [ 82%]
........................................................................ [ 84%]
........................................................................ [ 85%]
........................................................................ [ 87%]
........................................................................ [ 89%]
........................................................................ [ 90%]
...................................................................s.... [ 92%]
........................................................................ [ 93%]
........................................................................ [ 95%]
........................................................................ [ 96%]
........................................................................ [ 98%]
........................................................................ [ 99%]
..                                                                       [100%]
=========================== short test summary info ===========================
SKIPPED [1] tests\unit\interfaces\http\test_composite_child_artifact.py:205: Symlinks unavailable on this host: [WinError 1314] A required privilege is not held by the client: 'C:\\Users\\Fedor\\AppData\\Local\\Temp\\bioetl-pytest\\basetemp-27248-4a0e9755\\popen-gw0\\test_child_symlink_cannot_esca0\\outside.json' -> 'C:\\Users\\Fedor\\AppData\\Local\\Temp\\bioetl-pytest\\basetemp-27248-4a0e9755\\popen-gw0\\test_child_symlink_cannot_esca0\\pipeline\\chembl_publication\\child\\pipeline-run-report.json'
SKIPPED [1] tests\unit\interfaces\cli\commands\test_cli_coverage_boost_helpers.py:834: PosixPath not available on Windows
SKIPPED [3] tests\unit\interfaces\http\test_run_report_artifacts.py:96: Windows account cannot create symbolic links
SKIPPED [1] tests\unit\memory\test_backup_recovery.py:94: symlink creation is unavailable in this environment: [WinError 1314] A required privilege is not held by the client: 'C:\\Users\\Fedor\\AppData\\Local\\Temp\\bioetl-pytest\\basetemp-27248-4a0e9755\\popen-gw1\\test_backup_rejects_symlink_th0\\outside-secret.txt' -> 'C:\\Users\\Fedor\\AppData\\Local\\Temp\\bioetl-pytest\\basetemp-27248-4a0e9755\\popen-gw1\\test_backup_rejects_symlink_th0\\memory\\external-link'
SKIPPED [1] tests\unit\interfaces\cli\test_exit_codes.py:204: Exception ExtractionInputError not found - may be defined elsewhere
