[test-telemetry] source_tree_sha256=89fd40d116eb824b6430cc0d89cd0baf88c3edda4d18677c79d06491e70f60da
[local-coverage] HEAD=cd50cf3ca72783c49ecdd8a3825b2199101f7c2b source=4db123e5e95045405ceb710e2425c1cd0e733fb6a225dccc7fc4146c63eaacb5 scratch=/home/circleci/project/reports/quality/proof-or-stop/circleci-closeout-1401-cd50cf3ca727/coverage
[local-coverage] start smoke
[local-coverage] smoke exit=0 coverage=yes
[local-coverage] start contract-confidence
[local-coverage] contract-confidence exit=0 coverage=yes
[local-coverage] start repo-backed-unit-product
[local-coverage] repo-backed-unit-product exit=0 coverage=yes
[local-coverage] start repo-backed-unit-tooling
[local-coverage] repo-backed-unit-tooling exit=0 coverage=yes
[local-coverage] start repo-backed-unit-ops
[local-coverage] repo-backed-unit-ops exit=0 coverage=yes
[local-coverage] start unit-scripts-tooling-passport
[local-coverage] unit-scripts-tooling-passport exit=0 coverage=yes
[local-coverage] start unit-scripts-tooling-debt-governance
[local-coverage] unit-scripts-tooling-debt-governance exit=0 coverage=yes
[local-coverage] start unit-scripts-tooling-other
[local-coverage] unit-scripts-tooling-other exit=0 coverage=yes
[local-coverage] start unit-filesystem-contracts
[local-coverage] unit-filesystem-contracts exit=0 coverage=yes
[local-coverage] start unit-subprocess-backed
[local-coverage] unit-subprocess-backed exit=0 coverage=yes
[local-coverage] start unit-domain
[local-coverage] unit-domain exit=0 coverage=yes
[local-coverage] start unit-application
[local-coverage] unit-application exit=0 coverage=yes
[local-coverage] start unit-infrastructure
[local-coverage] unit-infrastructure exit=0 coverage=yes
[local-coverage] start unit-other
[local-coverage] unit-other exit=0 coverage=yes
[local-coverage] start integration
[local-coverage] integration exit=0 coverage=yes
[local-coverage] start security
[local-coverage] security exit=0 coverage=yes
[local-coverage] start serial
[local-coverage] serial exit=0 coverage=yes
[test-telemetry] source_tree_sha256=89fd40d116eb824b6430cc0d89cd0baf88c3edda4d18677c79d06491e70f60da
[local-coverage] complete=True evidence=/home/circleci/project/reports/quality/proof-or-stop/circleci-closeout-1401-cd50cf3ca727/coverage/manifest.json
