bringing up nodes...
bringing up nodes...

........................................................................ [  1%]
........................................................................ [  2%]
........................................................................ [  4%]
........................................................................ [  5%]
........................................................................ [  6%]
........................................................................ [  8%]
........................................................................ [  9%]
........................................................................ [ 10%]
........................................................................ [ 12%]
........................................................................ [ 13%]
........................................................................ [ 14%]
........................................................................ [ 16%]
........................................................................ [ 17%]
........................................................................ [ 18%]
........................................................................ [ 20%]
........................................................................ [ 21%]
........................................................................ [ 22%]
........................................................................ [ 24%]
........................................................................ [ 25%]
........................................................................ [ 26%]
........................................................................ [ 28%]
........................................................................ [ 29%]
........................................................................ [ 30%]
........................................................................ [ 32%]
........................................................................ [ 33%]
................s....................................................... [ 35%]
........................................................................ [ 36%]
........................................................................ [ 37%]
........................................................................ [ 39%]
........................................................................ [ 40%]
........................................................................ [ 41%]
........................................................................ [ 43%]
........................................................................ [ 44%]
........................................................................ [ 45%]
.....................................................................ss. [ 47%]
........................................................................ [ 48%]
........................................................................ [ 49%]
........................................................................ [ 51%]
........................................................................ [ 52%]
........................................................................ [ 53%]
........................................................................ [ 55%]
........................................................................ [ 56%]
........................................................................ [ 57%]
........................................................................ [ 59%]
........................................................................ [ 60%]
........................................................................ [ 61%]
........................................................................ [ 63%]
........................................................................ [ 64%]
........................................................................ [ 66%]
........................................................................ [ 67%]
........................................................................ [ 68%]
........................................................................ [ 70%]
........................................................................ [ 71%]
........................................................................ [ 72%]
........................................................................ [ 74%]
........................................................................ [ 75%]
........................................................................ [ 76%]
........................................................................ [ 78%]
........................................................................ [ 79%]
........................................................................ [ 80%]
........................................................................ [ 82%]
........................................................................ [ 83%]
........................................................................ [ 84%]
........................................................................ [ 86%]
........................s............................................... [ 87%]
........................................................................ [ 88%]
........................................................................ [ 90%]
........................................................................ [ 91%]
........................................................................ [ 92%]
........................................................................ [ 94%]
........................................................................ [ 95%]
........................................................................ [ 97%]
........................................................................ [ 98%]
........................................................................ [ 99%]
..............                                                           [100%]
=========================== short test summary info ============================
SKIPPED [1] tests/unit/infrastructure/export/test_export_adapters.py:189: could not import 'openpyxl': No module named 'openpyxl'
SKIPPED [1] tests/unit/infrastructure/storage/delta/test_table_ops.py:185: Windows-specific path semantics
SKIPPED [1] tests/unit/infrastructure/storage/delta/test_table_ops.py:196: Windows-specific path semantics
SKIPPED [1] tests/unit/infrastructure/export/test_debug_export_adapter.py:106: could not import 'openpyxl': No module named 'openpyxl'
