[test-telemetry] source_tree_sha256=8eda05d84247514c788836919a2df950d4bc92ac06948537a8040b6c9942f9f6
[local-coverage] HEAD=6536a1934d1ce4459a9ed25f4f1eade134dd5ba3 source=4db123e5e95045405ceb710e2425c1cd0e733fb6a225dccc7fc4146c63eaacb5 scratch=/home/circleci/project/reports/quality/proof-or-stop/circleci-closeout-2356-6536a1934d1c/coverage
[local-coverage] start smoke
[local-coverage] smoke exit=0 coverage=yes
[local-coverage] start contract-confidence
[local-coverage] contract-confidence exit=0 coverage=yes
[local-coverage] start repo-backed-unit-product
[local-coverage] repo-backed-unit-product exit=0 coverage=yes
[local-coverage] start repo-backed-unit-tooling
[local-coverage] repo-backed-unit-tooling exit=0 coverage=yes
[local-coverage] start repo-backed-unit-ops
[local-coverage] repo-backed-unit-ops exit=0 coverage=yes
[local-coverage] start unit-scripts-tooling-passport
[local-coverage] unit-scripts-tooling-passport exit=0 coverage=yes
[local-coverage] start unit-scripts-tooling-debt-governance
[local-coverage] unit-scripts-tooling-debt-governance exit=0 coverage=yes
[local-coverage] start unit-scripts-tooling-other
[local-coverage] unit-scripts-tooling-other exit=0 coverage=yes
[local-coverage] start unit-filesystem-contracts
[local-coverage] unit-filesystem-contracts exit=0 coverage=yes
[local-coverage] start unit-subprocess-backed
[local-coverage] unit-subprocess-backed exit=0 coverage=yes
[local-coverage] start unit-domain
[local-coverage] unit-domain exit=0 coverage=yes
[local-coverage] start unit-application
[local-coverage] unit-application exit=0 coverage=yes
[local-coverage] start unit-infrastructure
[local-coverage] unit-infrastructure exit=0 coverage=yes
[local-coverage] start unit-other
[local-coverage] unit-other exit=0 coverage=yes
[local-coverage] start integration
[local-coverage] integration exit=0 coverage=yes
[local-coverage] start security
[local-coverage] security exit=0 coverage=yes
[local-coverage] start serial
[local-coverage] serial exit=0 coverage=yes
[test-telemetry] source_tree_sha256=8eda05d84247514c788836919a2df950d4bc92ac06948537a8040b6c9942f9f6
[local-coverage] complete=True evidence=/home/circleci/project/reports/quality/proof-or-stop/circleci-closeout-2356-6536a1934d1c/coverage/manifest.json
