bringing up nodes...
bringing up nodes...

........................................................................ [  0%]
........................................................................ [  1%]
........................................................................ [  2%]
........................................................................ [  3%]
........................................................................ [  4%]
........................................................................ [  5%]
........................................................................ [  6%]
........................................................................ [  7%]
........................................................................ [  8%]
........................................................................ [  9%]
........................................................................ [ 10%]
........................................................................ [ 11%]
........................................................................ [ 12%]
........................................................................ [ 13%]
........................................................................ [ 14%]
........................................................................ [ 15%]
........................................................................ [ 16%]
........................................................................ [ 17%]
........................................................................ [ 18%]
........................................................................ [ 19%]
........................................................................ [ 20%]
........................................................................ [ 21%]
........................................................................ [ 21%]
........................................................................ [ 22%]
........................................................................ [ 23%]
........................................................................ [ 24%]
........................................................................ [ 25%]
........................................................................ [ 26%]
........................................................................ [ 27%]
........................................................................ [ 28%]
........................................................................ [ 29%]
........................................................................ [ 30%]
........................................................................ [ 31%]
........................................................................ [ 32%]
........................................................................ [ 33%]
........................................................................ [ 34%]
........................................................................ [ 35%]
........................................................................ [ 36%]
........................................................................ [ 37%]
........................................................................ [ 38%]
........................................................................ [ 39%]
.........F.............
================================== FAILURES ===================================
_ TestLineageFragments.test_gold_fragment_exposes_composite_source_and_cv_summary _
[gw0] win32 -- Python 3.13.7 E:\github\BioactivityDataAcquisition\.venv-win\Scripts\python.exe

self = <services.test_metadata_coordinator_lineage.TestLineageFragments object at 0x00000245171FB250>

    def test_gold_fragment_exposes_composite_source_and_cv_summary(self) -> None:
        context = RunContext.create(
            run_id=RunID(deterministic_uuid_from_callsite("replay-sensitive")),
            run_type=RunType.REBUILD,
            started_at=_FIXED_TIME,
            provider="composite",
            entity="publication",
            manifest_id="manifest-003",
        )
        coordinator = MetadataCoordinator(context)
        input_data = GoldMetadataInput(
            table_path="/data/output/gold/composite/publication",
            table_name="composite.publication",
            records=[
                {
                    "id": 1,
                    "_source_providers": "['seed', 'openalex']",
                    "_enrichment_status": "{'openalex': 'success'}",
                    "_field_sources": "{'title': 'openalex', 'doi': 'seed'}",
                    "_seed_record_id": "seed-001",
                    "_cv_warn": True,
                    "_cv_error": False,
                    "_cv_quarantine": False,
                },
                {
                    "id": 2,
                    "_field_sources": "{'abstract': 'openalex'}",
                    "_cv_warn": False,
                    "_cv_error": True,
                    "_cv_quarantine": True,
                },
            ],
            mode=GoldWriteMode.OVERWRITE,
            composite_run_id="comp-run-123",
            lineage_created_at=datetime(2026, 3, 24, 10, 0, tzinfo=UTC),
        )
    
        fragment = coordinator.build_gold_lineage_fragment(input_data)
    
        gold_dataset = next(
            node
            for node in fragment.nodes
            if node.node_type == LineageNodeType.DATASET
            and node.node_id == "gold:composite.publication"
        )
        openalex_source = next(
            node
            for node in fragment.nodes
            if node.node_type == LineageNodeType.SOURCE_SYSTEM
            and node.node_id == "source_system:openalex"
        )
        openalex_edge = next(
            edge
            for edge in fragment.edges
            if edge.edge_type == LineageEdgeType.DERIVED_FROM
            and edge.source.node_id == gold_dataset.node_id
            and edge.target.node_id == openalex_source.node_id
        )
    
        gold_attrs = mapping_to_plain(gold_dataset.attributes)
        assert gold_attrs["composite_run_id"] == "comp-run-123"
>       assert gold_attrs["composite_name"] == "composite.publication"
E       AssertionError: assert 'composite_publication' == 'composite.publication'
E         
E         - composite.publication
E         ?          ^
E         + composite_publication
E         ?          ^

tests\unit\application\services\test_metadata_coordinator_lineage.py:547: AssertionError
=========================== short test summary info ===========================
FAILED tests/unit/application/services/test_metadata_coordinator_lineage.py::TestLineageFragments::test_gold_fragment_exposes_composite_source_and_cv_summary
!!!!!!!!!!!!!!!!!!!!!!!!!! stopping after 1 failures !!!!!!!!!!!!!!!!!!!!!!!!!!
!!!!!!!!!!!! xdist.dsession.Interrupted: stopping after 1 failures !!!!!!!!!!!!
