bringing up nodes...
bringing up nodes...

........................................................................ [  1%]
........................................................................ [  3%]
........................................................................ [  4%]
........................................................................ [  6%]
........................................................................ [  7%]
........................................................................ [  9%]
........................................................................ [ 10%]
.......................................s.........................s...... [ 12%]
........................................................................ [ 14%]
.............................................................F.......... [ 15%]
...........
================================== FAILURES ===================================
_________ test_semanticscholar_unauthenticated_retry_budget_is_capped _________
[gw1] win32 -- Python 3.13.7 E:\github\BioactivityDataAcquisition\.venv-win\Scripts\python.exe

    def test_semanticscholar_unauthenticated_retry_budget_is_capped() -> None:
        cfg = HttpClientFactory._resolve_config("semanticscholar", None)
>       assert cfg.max_retries <= 2
E       assert 5 <= 2
E        +  where 5 = ResolvedHttpConfig(rate=0.01, capacity=1, failure_threshold=10, recovery_timeout=600, timeout=60.0, max_retries=5, base_delay=30.0, max_delay=300.0, max_connections=50, max_keepalive=10, trust_env=True).max_retries

tests\unit\composition\test_issue_10469_composition_tail_two.py:88: AssertionError
=========================== short test summary info ===========================
SKIPPED [1] tests\unit\interfaces\http\test_composite_child_artifact.py:205: Symlinks unavailable on this host: [WinError 1314] A required privilege is not held by the client: 'C:\\Users\\Fedor\\AppData\\Local\\Temp\\bioetl-pytest\\basetemp-10268-88f32ace\\popen-gw0\\test_child_symlink_cannot_esca0\\outside.json' -> 'C:\\Users\\Fedor\\AppData\\Local\\Temp\\bioetl-pytest\\basetemp-10268-88f32ace\\popen-gw0\\test_child_symlink_cannot_esca0\\pipeline\\chembl_publication\\child\\pipeline-run-report.json'
SKIPPED [1] tests\unit\interfaces\cli\commands\test_cli_coverage_boost_helpers.py:834: PosixPath not available on Windows
FAILED tests/unit/composition/test_issue_10469_composition_tail_two.py::test_semanticscholar_unauthenticated_retry_budget_is_capped
!!!!!!!!!!!!!!!!!!!!!!!!!! stopping after 1 failures !!!!!!!!!!!!!!!!!!!!!!!!!!
!!!!!!!!!!!! xdist.dsession.Interrupted: stopping after 1 failures !!!!!!!!!!!!
