# serializer version: 1
# name: TestListPipelinesCommandSnapshot.test_list_pipelines_command_output
  '''
  Available pipelines:
    - chembl_activity
    - chembl_assay
    - chembl_assay_parameters
    - chembl_cell_line
    - chembl_compound_record
    - chembl_document
    - chembl_document_similarity
    - chembl_document_term
    - chembl_molecule
    - chembl_protein_class
    - chembl_target
    - chembl_target_component
    - crossref_publication
    - openalex_publication
    - pubchem_compound
    - pubmed_publications
    - semanticscholar_publication
    - uniprot_idmapping
    - uniprot_protein
  
  '''
# ---
