.........................sss............................................ [  2%]
........................................................................ [  5%]
........................................................................ [  7%]
........................................................................ [ 10%]
........................................................................ [ 12%]
........................................................................ [ 15%]
........................................................................ [ 17%]
........................................................................ [ 20%]
........................................................................ [ 22%]
........................................................................ [ 25%]
........................................................................ [ 27%]
........................................................................ [ 30%]
........................................................................ [ 32%]
........................................................................ [ 35%]
........................................................................ [ 37%]
........................................................................ [ 40%]
........................................................................ [ 42%]
........................................................................ [ 45%]
........................................................................ [ 47%]
........................................................................ [ 50%]
........................................................................ [ 52%]
........................................................................ [ 55%]
........................................................................ [ 58%]
........................................................................ [ 60%]
........................................................................ [ 63%]
........................................................................ [ 65%]
..................................s..........................s.......... [ 68%]
........................................................................ [ 70%]
........................................................................ [ 73%]
........................................................................ [ 75%]
........................................................................ [ 78%]
........................................................................ [ 80%]
.....................................................................s.. [ 83%]
........................................................................ [ 85%]
........................................................................ [ 88%]
..............................................................ssssssssss [ 90%]
sssssssssssssssssssssssssssssssssssssssssssss........................... [ 93%]
........................................................................ [ 95%]
........................................................................ [ 98%]
..............................................                           [100%]
=========================== short test summary info ===========================
SKIPPED [1] tests\integration\test_deployed_replay_readiness.py:18: requires a pinned deployed-run catalog
SKIPPED [1] tests\integration\adapters\test_chembl_paging_resilience.py:87: VCR cassette not found: E:\github\bda-config-root-closeout-11899\tests\fixtures\vcr\chembl\TestChemblPagingPaths.test_pagination_with_small_page_size.yaml. Run with VCR_RECORD_MODE=new_episodes to record cassettes.
SKIPPED [1] tests\integration\adapters\test_chembl_paging_resilience.py:109: VCR cassette not found: E:\github\bda-config-root-closeout-11899\tests\fixtures\vcr\chembl\TestChemblPagingPaths.test_pagination_with_large_page_size.yaml. Run with VCR_RECORD_MODE=new_episodes to record cassettes.
SKIPPED [1] tests\integration\adapters\test_chembl_paging_resilience.py:131: VCR cassette not found: E:\github\bda-config-root-closeout-11899\tests\fixtures\vcr\chembl\TestChemblPagingPaths.test_pagination_boundary_conditions.yaml. Run with VCR_RECORD_MODE=new_episodes to record cassettes.
SKIPPED [1] tests\integration\test_dashboard_ux_report_freshness.py:83: No grafana/dashboards/*.json changes detected in git diff.
SKIPPED [1] tests\integration\test_docker_compose_smoke.py:27: requires explicit BIOETL_RUN_DOCKER_INTEGRATION=1 scheduling
SKIPPED [1] tests\integration\test_grafana_panel_fill_errors.py:72: Live Grafana panel-fill is opt-in (BIOETL_GRAFANA_PANEL_FILL=true)
SKIPPED [54] tests\integration\test_live_green_acceptance.py:22: Explicit live launch opt-in required
SKIPPED [1] tests\integration\test_live_green_acceptance.py:54: Explicit RF-022 campaign opt-in required
