[docs-verify] check-links: E:\github\BioactivityDataAcquisition\.venv-win\Scripts\python.exe -m scripts.docs.checks.check_links
Links: OK (no broken relative links found)
Nav docs: OK (all mkdocs nav files exist)
Nav link scope: OK (all nav docs are included in link checks)
Local skill nav classification: OK (all local skill pages are in nav or not_in_nav)
Specs: OK (all referenced spec files exist)
Configs: OK (all convention-based config files exist)
Gold contracts index: OK (docs list matches exported JSON files)
Workflow inventory: OK (published workflow doc matches .github/workflows)
ChEMBL provider overview: OK (README links match active entity-config inventory)
Provider spec governance: OK
Runbook governance: OK
Control-plane contract governance: OK
Not-in-nav growth: OK (current 228 <= baseline 228)
Doc drift: OK (no guardrail violations in mkdocs nav docs)

All checks passed.
[docs-verify] check-drift: E:\github\BioactivityDataAcquisition\.venv-win\Scripts\python.exe -m scripts.docs.checks.check_drift --ports --classes --runtime-mirrors --freshness --modules --ai-surfaces
Documentation Drift Report
============================================================
No drift detected. Documentation is in sync with code.

Summary: 0 errors, 0 warnings
[docs-verify] generate-dashboard-panel-inventory: E:\github\BioactivityDataAcquisition\.venv-win\Scripts\python.exe -m scripts.docs generate-dashboard-panel-inventory --check
[docs-verify] check-docstrings: E:\github\BioactivityDataAcquisition\.venv-win\Scripts\python.exe -m scripts.docs.checks.check_docstrings --summary
Docstrings: modules=100.0% classes=97.3% functions=90.2% (missing=725)
All thresholds passed.
[docs-verify] generate-cleanup-inventory: E:\github\BioactivityDataAcquisition\.venv-win\Scripts\python.exe -m scripts.docs.checks.documentation_cleanup_inventory --check
[documentation-cleanup-inventory] inventory is synchronized
[docs-verify] generate-pipeline-normalization-matrix: E:\github\BioactivityDataAcquisition\.venv-win\Scripts\python.exe -m scripts.docs generate-pipeline-normalization-matrix --check
