........................................................................ [  6%]
........................................................................ [ 12%]
........................................................................ [ 18%]
........................................................................ [ 24%]
........................................................................ [ 30%]
........................................................................ [ 36%]
........................................................................ [ 42%]
........................................................................ [ 48%]
........................................................................ [ 54%]
........................................................................ [ 60%]
........................................................................ [ 66%]
........................................................................ [ 72%]
........................................................................ [ 78%]
........................................................................ [ 84%]
........................................................................ [ 90%]
........................................................................ [ 96%]
.............ss...........................                               [100%]
=========================== short test summary info ===========================
SKIPPED [1] tests\contract\test_semanticscholar_contract_pilot.py:51: Pilot soak tests disabled. Enable via --pilot-soak or BIOETL_PILOT_SOAK_TESTS=true.
SKIPPED [1] tests\contract\test_semanticscholar_contract_pilot.py:70: Pilot soak tests disabled. Enable via --pilot-soak or BIOETL_PILOT_SOAK_TESTS=true.
