[test-telemetry] source_tree_sha256=7ccb3fdf058e6b26c2a50c97bf44a7ecaa8443bb986e5f06b59101426155846e
[local-coverage] HEAD=95ca0a67f21a7055ad1b671f9ff57bd5ff39b1fb source=3786dc15afe014d3827d7f940c7cec030d02c993d78487b403eee55b4bdae29b scratch=/home/circleci/project/reports/quality/proof-or-stop/circleci-closeout-2772-95ca0a67f21a/coverage
[local-coverage] start smoke
[local-coverage] smoke exit=0 coverage=yes
[local-coverage] start contract-confidence
[local-coverage] contract-confidence exit=0 coverage=yes
[local-coverage] start repo-backed-unit-product
[local-coverage] repo-backed-unit-product exit=0 coverage=yes
[local-coverage] start repo-backed-unit-tooling
[local-coverage] repo-backed-unit-tooling exit=0 coverage=yes
[local-coverage] start repo-backed-unit-ops
[local-coverage] repo-backed-unit-ops exit=0 coverage=yes
[local-coverage] start unit-scripts-tooling-passport
[local-coverage] unit-scripts-tooling-passport exit=0 coverage=yes
[local-coverage] start unit-scripts-tooling-debt-governance
[local-coverage] unit-scripts-tooling-debt-governance exit=0 coverage=yes
[local-coverage] start unit-scripts-tooling-other
[local-coverage] unit-scripts-tooling-other exit=0 coverage=yes
[local-coverage] start unit-filesystem-contracts
[local-coverage] unit-filesystem-contracts exit=0 coverage=yes
[local-coverage] start unit-subprocess-backed
[local-coverage] unit-subprocess-backed exit=0 coverage=yes
[local-coverage] start unit-domain
[local-coverage] unit-domain exit=0 coverage=yes
[local-coverage] start unit-application
[local-coverage] unit-application exit=0 coverage=yes
[local-coverage] start unit-infrastructure
[local-coverage] unit-infrastructure exit=0 coverage=yes
[local-coverage] start unit-other
[local-coverage] unit-other exit=0 coverage=yes
[local-coverage] start integration
[local-coverage] integration exit=0 coverage=yes
[local-coverage] start security
[local-coverage] security exit=0 coverage=yes
[local-coverage] start serial
[local-coverage] serial exit=0 coverage=yes
[test-telemetry] source_tree_sha256=7ccb3fdf058e6b26c2a50c97bf44a7ecaa8443bb986e5f06b59101426155846e
[local-coverage] complete=True evidence=/home/circleci/project/reports/quality/proof-or-stop/circleci-closeout-2772-95ca0a67f21a/coverage/manifest.json
