bringing up nodes...
bringing up nodes...

........................................................................ [  1%]
........................................................................ [  3%]
........................................................................ [  4%]
........................................................................ [  6%]
........................................................................ [  7%]
........................................................................ [  9%]
........................................................................ [ 10%]
.......................................s.....................s.......... [ 12%]
........................................................................ [ 13%]
........................................................................ [ 15%]
........................................................................ [ 17%]
........................................................................ [ 18%]
........................................................................ [ 20%]
............................................sss......................... [ 21%]
........................................................................ [ 23%]
........................................................................ [ 24%]
........................................................................ [ 26%]
........................................................................ [ 27%]
........................................................................ [ 29%]
........................................................................ [ 31%]
........................................................................ [ 32%]
........................................................................ [ 34%]
........................................................................ [ 35%]
........................................................................ [ 37%]
........................................................................ [ 38%]
........................................................................ [ 40%]
........................................................................ [ 41%]
........................................................................ [ 43%]
........................................................................ [ 45%]
........................................................................ [ 46%]
........................................................................ [ 48%]
................................................s....................... [ 49%]
........................................................................ [ 51%]
........................................................................ [ 52%]
........................................................................ [ 54%]
........................................................................ [ 55%]
........................................................................ [ 57%]
........................................................................ [ 59%]
........................................................................ [ 60%]
........................................................................ [ 62%]
........................................................................ [ 63%]
........................................................................ [ 65%]
........................................................................ [ 66%]
........................................................................ [ 68%]
........................................................................ [ 69%]
........................................................................ [ 71%]
........................................................................ [ 72%]
........................................................................ [ 74%]
........................................................................ [ 76%]
........................................................................ [ 77%]
........................................................................ [ 79%]
........................................................................ [ 80%]
........................................................................ [ 82%]
........................................................................ [ 83%]
........................................................................ [ 85%]
........................................................................ [ 86%]
........................................................................ [ 88%]
........................................................................ [ 90%]
........................................................................ [ 91%]
......................s................................................. [ 93%]
........................................................................ [ 94%]
........................................................................ [ 96%]
........................................................................ [ 97%]
........................................................................ [ 99%]
.............................                                            [100%]
=========================== short test summary info ===========================
SKIPPED [1] tests\unit\interfaces\http\test_composite_child_artifact.py:205: Symlinks unavailable on this host: [WinError 1314] A required privilege is not held by the client: 'C:\\Users\\Fedor\\AppData\\Local\\Temp\\bioetl-pytest\\basetemp-44952-381b1424\\popen-gw0\\test_child_symlink_cannot_esca0\\outside.json' -> 'C:\\Users\\Fedor\\AppData\\Local\\Temp\\bioetl-pytest\\basetemp-44952-381b1424\\popen-gw0\\test_child_symlink_cannot_esca0\\pipeline\\chembl_publication\\child\\pipeline-run-report.json'
SKIPPED [1] tests\unit\interfaces\cli\commands\test_cli_coverage_boost_helpers.py:834: PosixPath not available on Windows
SKIPPED [3] tests\unit\interfaces\http\test_run_report_artifacts.py:96: Windows account cannot create symbolic links
SKIPPED [1] tests\unit\memory\test_backup_recovery.py:94: symlink creation is unavailable in this environment: [WinError 1314] A required privilege is not held by the client: 'C:\\Users\\Fedor\\AppData\\Local\\Temp\\bioetl-pytest\\basetemp-44952-381b1424\\popen-gw1\\test_backup_rejects_symlink_th0\\outside-secret.txt' -> 'C:\\Users\\Fedor\\AppData\\Local\\Temp\\bioetl-pytest\\basetemp-44952-381b1424\\popen-gw1\\test_backup_rejects_symlink_th0\\memory\\external-link'
SKIPPED [1] tests\unit\interfaces\cli\test_exit_codes.py:204: Exception ExtractionInputError not found - may be defined elsewhere
