Process 30140: E:\github\BioactivityDataAcquisition\.venv-win\Scripts\python.exe -u -c "import sys;exec(eval(sys.stdin.readline()))"
Python v3.13.7 (C:\Users\Fedor\AppData\Local\Programs\Python\Python313\python.exe)

Thread 33708 (idle): "MainThread"
    wait (threading.py:359)
    wait (threading.py:659)
    start (threading.py:981)
    pytest_timeout_set_timer (pytest_timeout.py:335)
    _multicall (pluggy\_callers.py:121)
    _hookexec (pluggy\_manager.py:120)
    __call__ (pluggy\_hooks.py:512)
    pytest_runtest_protocol (pytest_timeout.py:190)
    run_old_style_hookwrapper (pluggy\_callers.py:34)
    _multicall (pluggy\_callers.py:107)
    _hookexec (pluggy\_manager.py:120)
    __call__ (pluggy\_hooks.py:512)
    run_one_test (xdist\remote.py:227)
    pytest_runtestloop (xdist\remote.py:206)
    _multicall (pluggy\_callers.py:121)
    _hookexec (pluggy\_manager.py:120)
    __call__ (pluggy\_hooks.py:512)
    _main (_pytest\main.py:384)
    wrap_session (_pytest\main.py:330)
    pytest_cmdline_main (_pytest\main.py:377)
    _multicall (pluggy\_callers.py:121)
    _hookexec (pluggy\_manager.py:120)
    __call__ (pluggy\_hooks.py:512)
    <module> (xdist\remote.py:427)
    executetask (execnet\gateway_base.py:1291)
    run (execnet\gateway_base.py:341)
    _perform_spawn (execnet\gateway_base.py:411)
    integrate_as_primary_thread (execnet\gateway_base.py:389)
    serve (execnet\gateway_base.py:1273)
    serve (execnet\gateway_base.py:1806)
    <module> (<string>:8)
    <module> (<string>:1)
Thread 34804 (idle)
    read (execnet\gateway_base.py:534)
    from_io (execnet\gateway_base.py:567)
    _thread_receiver (execnet\gateway_base.py:1160)
    run (execnet\gateway_base.py:341)
    _perform_spawn (execnet\gateway_base.py:411)
