Process 47468: E:\github\BioactivityDataAcquisition\.venv-win\Scripts\python.exe -m pytest -p anyio.pytest_plugin -p pytest_asyncio.plugin -p _hypothesis_pytestplugin -p pytest_timeout -p syrupy -p pytest_recording.plugin -p pytest_cov.plugin -p xdist.plugin --ignore=.cache --ignore=.pytest_cache --ignore=.hypothesis --ignore=caddy --cov=src/bioetl -q --maxfail=1 tests/unit/domain/ -m "not serial and not memory and not fs_contract and not subprocess_backed" --cov-report= --timeout=300 -p no:cacheprovider --junitxml=reports/quality/proof-or-stop/grafana-11874-11844/full-coverage-cee1fbb-r3/junit/unit-domain.xml -n 2 --dist=loadscope --max-worker-restart=0
Python v3.13.7 (C:\Users\Fedor\AppData\Local\Programs\Python\Python313\python.exe)

Thread 47360 (idle): "MainThread"
    wait (threading.py:363)
    get (queue.py:210)
    loop_once (xdist\dsession.py:154)
    pytest_runtestloop (xdist\dsession.py:138)
    _multicall (pluggy\_callers.py:121)
    _hookexec (pluggy\_manager.py:120)
    __call__ (pluggy\_hooks.py:512)
    _main (_pytest\main.py:384)
    wrap_session (_pytest\main.py:330)
    pytest_cmdline_main (_pytest\main.py:377)
    _multicall (pluggy\_callers.py:121)
    _hookexec (pluggy\_manager.py:120)
    __call__ (pluggy\_hooks.py:512)
    _main (_pytest\config\__init__.py:229)
    _console_main (_pytest\config\__init__.py:253)
    <module> (pytest\__main__.py:9)
    _run_code (<frozen runpy>:88)
    _run_module_as_main (<frozen runpy>:199)
Thread 34156 (idle)
    read (execnet\gateway_base.py:534)
    from_io (execnet\gateway_base.py:567)
    _thread_receiver (execnet\gateway_base.py:1160)
    run (execnet\gateway_base.py:341)
    _perform_spawn (execnet\gateway_base.py:411)
Thread 21200 (idle)
    read (execnet\gateway_base.py:534)
    from_io (execnet\gateway_base.py:567)
    _thread_receiver (execnet\gateway_base.py:1160)
    run (execnet\gateway_base.py:341)
    _perform_spawn (execnet\gateway_base.py:411)
