bringing up nodes...
bringing up nodes...

........................................................................ [  1%]
........................................................................ [  3%]
........................................................................ [  4%]
........................................................................ [  6%]
........................................................................ [  8%]
........................................................................ [  9%]
.........................................s.............................. [ 11%]
........................................................................ [ 12%]
........................................................................ [ 14%]
........................................................................ [ 16%]
........................................................................ [ 17%]
........................................................................ [ 19%]
........................sss............................................. [ 20%]
........................................................................ [ 22%]
........................................................................ [ 24%]
........................................................................ [ 25%]
........................................................................ [ 27%]
........................................................................ [ 28%]
........................................................................ [ 30%]
........................................................................ [ 32%]
........................................................................ [ 33%]
........................................................................ [ 35%]
........................................................................ [ 36%]
........................................................................ [ 38%]
........................................................................ [ 40%]
........................................................................ [ 41%]
........................................................................ [ 43%]
........................................................................ [ 44%]
........................................................................ [ 46%]
................................s....................................... [ 48%]
........................................................................ [ 49%]
........................................................................ [ 51%]
........................................................................ [ 53%]
........................................................................ [ 54%]
........................................................................ [ 56%]
........................................................................ [ 57%]
........................................................................ [ 59%]
........................................................................ [ 61%]
........................................................................ [ 62%]
........................................................................ [ 64%]
........................................................................ [ 65%]
........................................................................ [ 67%]
........................................................................ [ 69%]
........................................................................ [ 70%]
........................................................................ [ 72%]
........................................................................ [ 73%]
........................................................................ [ 75%]
........................................................................ [ 77%]
........................................................................ [ 78%]
........................................................................ [ 80%]
........................................................................ [ 81%]
........................................................................ [ 83%]
........................................................................ [ 85%]
........................................................................ [ 86%]
........................................................................ [ 88%]
........................................................................ [ 89%]
........................................................................ [ 91%]
.............s.......................................................... [ 93%]
........................................................................ [ 94%]
........................................................................ [ 96%]
........................................................................ [ 97%]
........................................................................ [ 99%]
...................                                                      [100%]
=========================== short test summary info ===========================
SKIPPED [1] tests\unit\interfaces\cli\commands\test_cli_coverage_boost_helpers.py:834: PosixPath not available on Windows
SKIPPED [3] tests\unit\interfaces\http\test_run_report_artifacts.py:96: Windows account cannot create symbolic links
SKIPPED [1] tests\unit\memory\test_backup_recovery.py:94: symlink creation is unavailable in this environment: [WinError 1314] A required privilege is not held by the client: 'C:\\Users\\Fedor\\AppData\\Local\\Temp\\bioetl-pytest\\basetemp-6920-633eec77\\popen-gw0\\test_backup_rejects_symlink_th0\\outside-secret.txt' -> 'C:\\Users\\Fedor\\AppData\\Local\\Temp\\bioetl-pytest\\basetemp-6920-633eec77\\popen-gw0\\test_backup_rejects_symlink_th0\\memory\\external-link'
SKIPPED [1] tests\unit\interfaces\cli\test_exit_codes.py:204: Exception ExtractionInputError not found - may be defined elsewhere
