bringing up nodes...
bringing up nodes...

........................................................................ [  1%]
........................................................................ [  2%]
........................................................................ [  4%]
........................................................................ [  5%]
........................................................................ [  6%]
........................................................................ [  8%]
........................................................................ [  9%]
........................................................................ [ 10%]
........................................................................ [ 12%]
........................................................................ [ 13%]
........................................................................ [ 15%]
........................................................................ [ 16%]
........................................................................ [ 17%]
........................................................................ [ 19%]
........................................................................ [ 20%]
........................................................................ [ 21%]
........................................................................ [ 23%]
........................................................................ [ 24%]
........................................................................ [ 25%]
........................................................................ [ 27%]
........................................................................ [ 28%]
........................................................................ [ 30%]
........................................................................ [ 31%]
........................................................................ [ 32%]
..........................s............................................. [ 34%]
........................................................................ [ 35%]
........................................................................ [ 36%]
........................................................................ [ 38%]
........................................................................ [ 39%]
........................................................................ [ 40%]
........................................................................ [ 42%]
........................................................................ [ 43%]
.....................................................s.................. [ 45%]
........................................................................ [ 46%]
...........................................................s..s......... [ 47%]
........................................................................ [ 49%]
........................................................................ [ 50%]
........................................................................ [ 51%]
........................................................................ [ 53%]
........................................................................ [ 54%]
........................................................................ [ 56%]
........................................................................ [ 57%]
........................................................................ [ 58%]
........................................................................ [ 60%]
........................................................................ [ 61%]
........................................................................ [ 62%]
................................................s.s..................... [ 64%]
........................................................................ [ 65%]
........................................................................ [ 66%]
........................................................................ [ 68%]
........................................................................ [ 69%]
........................................................................ [ 71%]
........................................................................ [ 72%]
........................................................................ [ 73%]
........................................................................ [ 75%]
........................................................................ [ 76%]
........................................................................ [ 77%]
........................................................................ [ 79%]
........................................................................ [ 80%]
........................................................................ [ 81%]
........................................................................ [ 83%]
........................................................................ [ 84%]
........................................................................ [ 86%]
...........................s............................................ [ 87%]
........................................................................ [ 88%]
........................................................................ [ 90%]
........................................................................ [ 91%]
........................................................................ [ 92%]
........................................................................ [ 94%]
........................................................................ [ 95%]
........................................................................ [ 97%]
........................................................................ [ 98%]
........................................................................ [ 99%]
..............                                                           [100%]
=========================== short test summary info ===========================
SKIPPED [1] tests\unit\infrastructure\export\test_export_adapters.py:189: could not import 'openpyxl': No module named 'openpyxl'
SKIPPED [1] tests\unit\infrastructure\config\test_contract_registry_loader.py:209: Threading timeout test skipped on Windows
SKIPPED [2] tests\unit\infrastructure\storage\test_run_report_store_adapter.py:57: Windows symlink privilege is not granted
SKIPPED [1] tests\unit\infrastructure\system\test_memory_monitor.py:615: could not import 'resource': No module named 'resource'
SKIPPED [1] tests\unit\infrastructure\system\test_memory_monitor.py:643: could not import 'resource': No module named 'resource'
SKIPPED [1] tests\unit\infrastructure\export\test_debug_export_adapter.py:106: could not import 'openpyxl': No module named 'openpyxl'
