Error while flushing PostHog: message=HTTP error while fetching PostHog: status=403, reqByteLength=664, response body= PostHogFetchHttpError: HTTP error while fetching PostHog: status=403, reqByteLength=664
   response: Response (0 KB) {
  ok: false,
  url: "https://us.i.posthog.com/batch/",
  status: 403,
  statusText: "Forbidden",
  headers: Headers {},
  redirected: false,
  bodyUsed: true
},
 reqByteLength: 664,

      at <anonymous> (/$bunfs/root/cli.js:210:56330)
      at async yN$ (/$bunfs/root/cli.js:210:42960)
      at async fetchWithRetry (/$bunfs/root/cli.js:210:56082)
      at async _flush (/$bunfs/root/cli.js:210:55533)

Error while flushing PostHog: message=HTTP error while fetching PostHog: status=403, reqByteLength=611, response body= PostHogFetchHttpError: HTTP error while fetching PostHog: status=403, reqByteLength=611
   response: Response (0 KB) {
  ok: false,
  url: "https://us.i.posthog.com/batch/",
  status: 403,
  statusText: "Forbidden",
  headers: Headers {},
  redirected: false,
  bodyUsed: true
},
 reqByteLength: 611,

      at <anonymous> (/$bunfs/root/cli.js:210:56330)
      at async yN$ (/$bunfs/root/cli.js:210:42960)
      at async fetchWithRetry (/$bunfs/root/cli.js:210:56082)
      at async _flush (/$bunfs/root/cli.js:210:55533)

Error: WebSocket closed
