.........................sss............................................ [  2%]
........................................................................ [  5%]
........................................................................ [  7%]
........................................................................ [ 10%]
........................................................................ [ 13%]
........................................................................ [ 15%]
........................................................................ [ 18%]
........................................................................ [ 21%]
........................................................................ [ 23%]
........................................................................ [ 26%]
........................................................................ [ 28%]
........................................................................ [ 31%]
........................................................................ [ 34%]
........................................................................ [ 36%]
........................................................................ [ 39%]
........................................................................ [ 42%]
........................................................................ [ 44%]
........................................................................ [ 47%]
........................................................................ [ 50%]
........................................................................ [ 52%]
........................................................................ [ 55%]
........................................................................ [ 57%]
........................................................................ [ 60%]
........................................................................ [ 63%]
........................................................................ [ 65%]
........................................................................ [ 68%]
..........................s........................s.................... [ 71%]
........................................................................ [ 73%]
........................................................................ [ 76%]
........................................................................ [ 79%]
........................................................................ [ 81%]
........................................................................ [ 84%]
..........................................................s............. [ 86%]
........................................................................ [ 89%]
...........................................................sssssssssssss [ 92%]
sssssssssssssssssssssssssssssssssssssssss............................... [ 94%]
........................................................................ [ 97%]
.....................................................................    [100%]
=========================== short test summary info ===========================
SKIPPED [1] tests\integration\adapters\test_chembl_paging_resilience.py:87: VCR cassette not found: E:\github\bda-grafana-11874-11844\tests\fixtures\vcr\chembl\TestChemblPagingPaths.test_pagination_with_small_page_size.yaml. Run with VCR_RECORD_MODE=new_episodes to record cassettes.
SKIPPED [1] tests\integration\adapters\test_chembl_paging_resilience.py:109: VCR cassette not found: E:\github\bda-grafana-11874-11844\tests\fixtures\vcr\chembl\TestChemblPagingPaths.test_pagination_with_large_page_size.yaml. Run with VCR_RECORD_MODE=new_episodes to record cassettes.
SKIPPED [1] tests\integration\adapters\test_chembl_paging_resilience.py:131: VCR cassette not found: E:\github\bda-grafana-11874-11844\tests\fixtures\vcr\chembl\TestChemblPagingPaths.test_pagination_boundary_conditions.yaml. Run with VCR_RECORD_MODE=new_episodes to record cassettes.
SKIPPED [1] tests\integration\test_dashboard_ux_report_freshness.py:70: No grafana/dashboards/*.json changes detected in git diff.
SKIPPED [1] tests\integration\test_docker_compose_smoke.py:27: requires explicit BIOETL_RUN_DOCKER_INTEGRATION=1 scheduling
SKIPPED [1] tests\integration\test_grafana_panel_fill_errors.py:72: Live Grafana panel-fill is opt-in (BIOETL_GRAFANA_PANEL_FILL=true)
SKIPPED [54] tests\integration\test_live_green_acceptance.py:15: Explicit live launch opt-in required
