........................................................................ [ 16%]
........................................................................ [ 32%]
........................................................................ [ 48%]
........................................................................ [ 64%]
........................................................................ [ 80%]
........................................................................ [ 97%]
.............                                                            [100%]
============================ slowest 15 durations =============================
3.99s call     tests/unit/composition/bootstrap/runtime/test_composite_contract_evidence.py::test_composite_archive_bootstrap_imports_in_fresh_process
2.17s setup    tests/unit/composition/bootstrap/test_bootstrap_cache_fixtures.py::test_cached_bootstrap_metadata_is_immutable_and_reusable
0.19s call     tests/unit/composition/bootstrap/runtime/test_composite_control_plane_builder.py::test_build_composite_control_plane_bundle_persists_manifest_created_when_ledger_enabled
0.18s call     tests/unit/composition/bootstrap/runtime/test_composite_control_plane_builder.py::test_build_composite_control_plane_bundle_persists_effective_config_artifact_and_hashes
0.18s call     tests/unit/composition/bootstrap/runtime/test_composite_control_plane_builder.py::test_build_composite_control_plane_bundle_allows_disabled_ledger_under_degraded_profile
0.18s call     tests/unit/composition/bootstrap/runtime/test_composite_control_plane_builder.py::test_build_composite_control_plane_bundle_accepts_cli_degraded_override_when_settings_replay_ready
0.16s setup    tests/unit/composition/bootstrap/cli/test_config.py::TestBootstrapConfigService::test_returns_config_service
0.15s call     tests/unit/composition/bootstrap/runtime/test_composite_config_loader.py::TestCompositeDQExternalization::test_composite_resolved_config_golden_master_before_after[publication-publication_id]
0.15s call     tests/unit/composition/bootstrap/runtime/test_composite_config_loader.py::TestCompositeDQExternalization::test_composite_resolved_config_golden_master_before_after[target-target_id]
0.12s call     tests/unit/composition/bootstrap/runtime/test_composite_config_loader.py::TestCompositeDQExternalization::test_composite_resolved_config_golden_master_before_after[activity-activity_id]
0.11s call     tests/unit/composition/bootstrap/runtime/test_composite_config_loader.py::TestCompositeDQExternalization::test_composite_resolved_config_golden_master_before_after[molecule-molecule_id]
0.10s call     tests/unit/composition/bootstrap/runtime/test_composite_config_loader.py::TestCompositeDQExternalization::test_composite_resolved_config_golden_master_before_after[assay-assay_id]
0.09s setup    tests/unit/composition/bootstrap/test_health_bootstrap.py::TestBootstrapHealthService::test_bootstrap_health_service_wires_noop_logger
0.08s call     tests/unit/composition/bootstrap/test_bootstrap_metadata_cache_isolation.py::test_session_cached_bootstrap_metadata_is_immutable_catalog
0.08s call     tests/unit/composition/bootstrap/test_bootstrap_cache_fixtures.py::test_cached_bootstrap_metadata_is_immutable_and_reusable
445 passed in 12.92s
