[test-telemetry] source_tree_sha256=8ec20677d86701547f98969641305ec6f981251ca18856043ea8e0665dfbb15e
[local-coverage] HEAD=c4071c0eeecd6b06f18bc781a0435ee128e0e994 source=78d89eb5bb90c2f763f66b4ee296dcc478abc170013b94d7bf22c5d5c4c1f0db scratch=E:\github\bda-arch-cov-local-20261003\reports\quality\proof-or-stop\architecture-coverage-11854-11899\full-coverage-wave-42
[local-coverage] start smoke
[local-coverage] smoke exit=0 coverage=yes
[local-coverage] start contract-confidence
[local-coverage] contract-confidence exit=0 coverage=yes
[local-coverage] start repo-backed-unit-product
[local-coverage] repo-backed-unit-product exit=0 coverage=yes
[local-coverage] start repo-backed-unit-tooling
[local-coverage] repo-backed-unit-tooling exit=0 coverage=yes
[local-coverage] start repo-backed-unit-ops
[local-coverage] repo-backed-unit-ops exit=0 coverage=yes
[local-coverage] start unit-scripts-tooling-passport
[local-coverage] unit-scripts-tooling-passport exit=0 coverage=yes
[local-coverage] start unit-scripts-tooling-debt-governance
[local-coverage] unit-scripts-tooling-debt-governance exit=0 coverage=yes
[local-coverage] start unit-scripts-tooling-other
[local-coverage] unit-scripts-tooling-other exit=0 coverage=yes
[local-coverage] start unit-filesystem-contracts
[local-coverage] unit-filesystem-contracts exit=0 coverage=yes
[local-coverage] start unit-subprocess-backed
[local-coverage] unit-subprocess-backed exit=0 coverage=yes
[local-coverage] start unit-domain
[local-coverage] unit-domain exit=0 coverage=yes
[local-coverage] start unit-application
[local-coverage] unit-application exit=0 coverage=yes
[local-coverage] start unit-infrastructure
[local-coverage] unit-infrastructure exit=0 coverage=yes
[local-coverage] start unit-other
[local-coverage] unit-other exit=0 coverage=yes
[local-coverage] start integration
[local-coverage] integration exit=0 coverage=yes
[local-coverage] start security
[local-coverage] security exit=0 coverage=yes
[local-coverage] start serial
[local-coverage] serial exit=0 coverage=yes
[test-telemetry] source_tree_sha256=8ec20677d86701547f98969641305ec6f981251ca18856043ea8e0665dfbb15e
[local-coverage] complete=True evidence=E:\github\bda-arch-cov-local-20261003\reports\quality\proof-or-stop\architecture-coverage-11854-11899\full-coverage-wave-42\manifest.json
sanitized_files 0
producer_exit 0
