# serializer version: 1
# name: TestActivityTransformerSnapshot.test_transform_snapshot
  dict({
    '_ingestion_ts': '<ingestion_ts>',
    '_run_id': '<run_id>',
    '_run_type': 'incremental',
    '_source_batch_id': 'None',
    'action_type_action_type': None,
    'action_type_description': None,
    'action_type_parent_type': None,
    'activity_comment': 'High activity',
    'activity_id': '12345678',
    'activity_properties': None,
    'assay_chembl_id': 'CHEMBL123456',
    'assay_description': 'Binding assay',
    'assay_type': 'B',
    'assay_variant_accession': None,
    'assay_variant_mutation': None,
    'bao_endpoint': None,
    'bao_format': None,
    'bao_label': None,
    'canonical_smiles': 'CC(=O)Oc1ccccc1C(=O)O',
    'content_hash': '<content_hash>',
    'data_validity_comment': None,
    'data_validity_description': None,
    'document_chembl_id': 'CHEMBL789012',
    'document_journal': None,
    'document_year': 2024,
    'entity_id': '<entity_id>',
    'ligand_efficiency_bei': 14.06,
    'ligand_efficiency_le': 0.26,
    'ligand_efficiency_lle': 1.3,
    'ligand_efficiency_sei': 5.56,
    'molecule_chembl_id': 'CHEMBL25',
    'molecule_pref_name': 'ASPIRIN',
    'parent_molecule_chembl_id': None,
    'pchembl_value': 7.82,
    'potential_duplicate': None,
    'qudt_units': None,
    'record_id': 1234,
    'relation': None,
    'src_id': 1,
    'standard_flag': None,
    'standard_relation': '=',
    'standard_text_value': None,
    'standard_type': 'IC50',
    'standard_units': 'nM',
    'standard_upper_value': None,
    'standard_value': 15.0,
    'target_chembl_id': 'CHEMBL1862',
    'target_organism': 'Homo sapiens',
    'target_pref_name': 'Cyclooxygenase-2',
    'target_tax_id': None,
    'text_value': None,
    'toid': None,
    'type': None,
    'units': None,
    'uo_units': None,
    'upper_value': None,
    'value': None,
  })
# ---
# name: TestAssayTransformerSnapshot.test_transform_snapshot
  dict({
    '_ingestion_ts': '<ingestion_ts>',
    '_run_id': '<run_id>',
    '_run_type': 'incremental',
    '_source_batch_id': 'None',
    'aidx': None,
    'assay_category': None,
    'assay_cell_type': None,
    'assay_chembl_id': 'CHEMBL1234567',
    'assay_classifications': '[{"class": "Pharmacology"}]',
    'assay_group': None,
    'assay_organism': 'Homo sapiens',
    'assay_parameters': '[{"param": "IC50"}]',
    'assay_pref_name': None,
    'assay_strain': None,
    'assay_subcellular_fraction': None,
    'assay_tax_id': 9606,
    'assay_test_type': None,
    'assay_tissue': None,
    'assay_type': 'B',
    'assay_type_description': 'Binding',
    'bao_format': 'BAO_0000357',
    'bao_label': 'single protein format',
    'cell_chembl_id': None,
    'confidence_description': None,
    'confidence_score': 9,
    'content_hash': '<content_hash>',
    'description': 'Test assay description',
    'document_chembl_id': 'CHEMBL456',
    'entity_id': '<entity_id>',
    'relationship_description': None,
    'relationship_type': None,
    'score': None,
    'src_assay_id': None,
    'src_id': None,
    'target_chembl_id': 'CHEMBL123',
    'tissue_chembl_id': None,
    'variant_accession': None,
    'variant_isoform': None,
    'variant_mutation': None,
    'variant_organism': None,
    'variant_sequence': None,
    'variant_sequence_json': None,
    'variant_tax_id': None,
  })
# ---
# name: TestDocumentTransformerSnapshot.test_transform_snapshot
  dict({
    '_ingestion_ts': '<ingestion_ts>',
    '_run_id': '<run_id>',
    '_run_type': 'incremental',
    '_source_batch_id': 'None',
    'abstract': 'This is a test abstract for the document.',
    'authors': 'Test Author, Another Author',
    'content_hash': '<content_hash>',
    'doc_type': 'PUBLICATION',
    'document_chembl_id': 'CHEMBL1234567',
    'doi': '10.1000/test.doi',
    'entity_id': '<entity_id>',
    'first_page': '100',
    'issue': '5',
    'journal': 'Test Journal',
    'journal_full_title': 'Full Test Journal Name',
    'last_page': '110',
    'patent_id': None,
    'pubmed_id': 12345678,
    'src_id': 1,
    'title': 'Test Document Title',
    'volume': '10',
    'year': 2024,
  })
# ---
# name: TestMoleculeTransformerSnapshot.test_transform_snapshot
  dict({
    '_ingestion_ts': '<ingestion_ts>',
    '_run_id': '<run_id>',
    '_run_type': 'incremental',
    '_source_batch_id': 'None',
    'atc_classifications': None,
    'availability_type': None,
    'black_box_warning': 0,
    'chirality': None,
    'content_hash': '<content_hash>',
    'cross_references': None,
    'dosed_ingredient': None,
    'entity_id': '<entity_id>',
    'first_approval': 1950,
    'first_in_class': None,
    'helm_notation': None,
    'hierarchy_active_chembl_id': 'CHEMBL25',
    'hierarchy_child_chembl_id': 'CHEMBL25',
    'hierarchy_parent_chembl_id': 'CHEMBL25',
    'inorganic_flag': None,
    'max_phase': 4,
    'molecule_chembl_id': 'CHEMBL25',
    'molecule_hierarchy': '{"parent_chembl_id": "CHEMBL25", "active_chembl_id": "CHEMBL25", "molecule_chembl_id": "CHEMBL25"}',
    'molecule_properties': '{"alogp": 1.19, "mw_freebase": 180.16, "hba": 4, "hbd": 1, "psa": 63.6, "ro3_pass": "Y"}',
    'molecule_species': None,
    'molecule_structures': '{"canonical_smiles": "CC(=O)Oc1ccccc1C(=O)O", "standard_inchi": "InChI=1S/C9H8O4/c...", "standard_inchi_key": "BSYNRYMUTXBXSQ-UHFFFAOYSA-N"}',
    'molecule_synonyms': None,
    'molecule_type': 'Small molecule',
    'natural_product': None,
    'oral': True,
    'parenteral': None,
    'polymer_flag': None,
    'pref_name': 'ASPIRIN',
    'prodrug': None,
    'property_alogp': 1.19,
    'property_aromatic_rings': None,
    'property_full_molformula': None,
    'property_full_mwt': None,
    'property_hba': 4,
    'property_hbd': 1,
    'property_heavy_atoms': None,
    'property_mw_freebase': 180.16,
    'property_psa': 63.6,
    'property_qed_weighted': None,
    'property_ro3_pass': 'Y',
    'property_ro5_violations': None,
    'property_rtb': None,
    'structure_canonical_smiles': 'CC(=O)Oc1ccccc1C(=O)O',
    'structure_standard_inchi': 'InChI=1S/C9H8O4/c...',
    'structure_standard_inchi_key': 'BSYNRYMUTXBXSQ-UHFFFAOYSA-N',
    'structure_type': 'MOL',
    'therapeutic_flag': True,
    'topical': None,
    'usan_stem': None,
    'usan_stem_definition': None,
    'usan_substem': None,
    'usan_year': None,
    'withdrawn_flag': None,
  })
# ---
# name: TestPubChemCompoundTransformerSnapshot.test_transform_snapshot
  dict({
    'canonical_smiles': 'CC(=O)OC1=CC=CC=C1C(=O)O',
    'cid': '2244',
    'content_hash': '<content_hash>',
    'entity_id': '<entity_id>',
    'inchi': 'InChI=1S/C9H8O4/c...',
    'inchikey': 'BSYNRYMUTXBXSQ-UHFFFAOYSA-N',
    'isomeric_smiles': 'CC(=O)OC1=CC=CC=C1C(=O)O',
    'iupac_name': '2-acetyloxybenzoic acid',
    'molecular_formula': 'C9H8O4',
    'molecular_weight': '180.16',
  })
# ---
# name: TestTargetComponentTransformerSnapshot.test_transform_snapshot
  dict({
    '_ingestion_ts': '<ingestion_ts>',
    '_run_id': '<run_id>',
    '_run_type': 'incremental',
    '_source_batch_id': 'None',
    'accession': 'P12345',
    'component_id': 123,
    'component_type': 'PROTEIN',
    'content_hash': '<content_hash>',
    'description': 'Test protein component',
    'entity_id': '<entity_id>',
    'organism': 'Homo sapiens',
    'protein_classifications': None,
    'target_component_synonyms': '[{"synonym": "Gene1"}, {"synonym": "Protein1"}]',
    'target_component_xrefs': '[{"xref_id": "P12345", "xref_src_db": "UniProt"}]',
    'tax_id': 9606,
  })
# ---
# name: TestTargetTransformerSnapshot.test_transform_snapshot
  dict({
    '_ingestion_ts': '<ingestion_ts>',
    '_run_id': '<run_id>',
    '_run_type': 'incremental',
    '_source_batch_id': 'None',
    'component_accessions': list([
      'P35354',
    ]),
    'component_descriptions': None,
    'component_ids': list([
      123,
    ]),
    'component_organisms': list([
      'Homo sapiens',
    ]),
    'component_relationships': None,
    'component_tax_ids': list([
      9606,
    ]),
    'component_types': list([
      'PROTEIN',
    ]),
    'content_hash': '<content_hash>',
    'cross_references': '[{"xref_id": "P35354", "xref_src_db": "UniProt"}]',
    'dap_id': None,
    'description': 'Prostaglandin G/H synthase 2',
    'downgraded': None,
    'entity_id': '<entity_id>',
    'organism': 'Homo sapiens',
    'pipeline_stages': None,
    'pref_name': 'Cyclooxygenase-2',
    'protein_classification_ids': list([
      597,
    ]),
    'protein_classification_names': list([
      'Enzyme',
    ]),
    'protein_classifications': list([
      'Oxidoreductase',
    ]),
    'species_group_flag': None,
    'target_chembl_id': 'CHEMBL1862',
    'target_component_synonyms': None,
    'target_components': '[{"accession": "P35354", "component_id": 123, "component_type": "PROTEIN", "organism": "Homo sapiens", "tax_id": 9606, "target_component_xrefs": [{"xref_id": "P35354", "xref_src_db": "UniProt"}], "protein_classifications": [{"protein_classification_id": 597, "pref_name": "Enzyme", "short_name": "Oxidoreductase"}]}]',
    'target_constraints': None,
    'target_type': 'SINGLE PROTEIN',
    'tax_id': 9606,
  })
# ---
# name: TestUniProtProteinTransformerSnapshot.test_transform_snapshot
  dict({
    'accession': 'P12345',
    'content_hash': '<content_hash>',
    'entity_id': '<entity_id>',
    'entry_name': 'TEST_HUMAN',
    'gene_names': list([
      'TEST1',
      'TEST2',
    ]),
    'organism_id': 9606,
    'protein_name': 'Test protein',
    'sequence_length': 500,
  })
# ---
