campaign=CR-FULL-20260816 base=6a2c8abe8ac5501bae3fef69667c3ff09280e46c planned=88 sequential=true rate_limit_backoff=(120.0, 1800.0, 1800.0) error_backoff=(20.0, 40.0)
[1/88] SKIP completed S01-domain-aggregates
[2/88] SKIP completed S01-domain-behavior
[3/88] SKIP completed S01-domain-composite
[4/88] SKIP completed S01-domain-config
[5/88] SKIP completed S01-domain-contracts
[6/88] SKIP completed S01-domain-control_plane
[7/88] SKIP completed S01-domain-entities
[8/88] SKIP completed S01-domain-exceptions
[9/88] SKIP completed S01-domain-filtering
[10/88] SKIP completed S01-domain-lineage
[11/88] SKIP completed S01-domain-mapping
[12/88] SKIP completed S01-domain-models
[13/88] SKIP completed S01-domain-normalization
[14/88] SKIP completed S01-domain-ports
[15/88] SKIP completed S01-domain-registry
[16/88] SKIP completed S01-domain-residual-root
[17/88] SKIP completed S01-domain-run_reports
[18/88] SKIP completed S01-domain-schemas
[19/88] SKIP completed S01-domain-transformations
[20/88] SKIP completed S01-domain-types
[21/88] SKIP completed S01-domain-validation
[22/88] SKIP completed S01-domain-value_objects
[23/88] SKIP completed S01-domain-workflow
[24/88] SKIP completed S02-app-core
[25/88] SKIP completed S03-app-control-plane
[26/88] SKIP completed S04-app-services-other
[27/88] SKIP completed S04b-app-residual
[28/88] SKIP completed S09-composition
[29/88] SKIP completed S10-interfaces-cli
[30/88] SKIP completed S11-interfaces-http
[31/88] SKIP completed S11b-interfaces-residual
[32/88] SKIP completed S05-app-pipelines
[33/88] SKIP completed S07-infra-storage
[34/88] SKIP completed S16-configs-quality
[35/88] RUN wave=B leaf=S16b-configs-other files=156
[35/88] RESULT leaf=S16b-configs-other status=connection_error elapsed=167.7s bytes=622
[35/88] RETRY leaf=S16b-configs-other after=20s
[35/88] RETRY_RESULT leaf=S16b-configs-other status=connection_error
[35/88] RETRY leaf=S16b-configs-other after=40s
